Archive member included to satisfy reference by file (symbol)

..\..\..\..\..\..\..\..\..\middleware\wireless\bluetooth_1.4.0\host\lib\lib_ble_5-0_host_ri5cy.a(att.o)
                              bluetooth\host\config\ble_globals.o (gAttConnEntrySize)
..\..\..\..\..\..\..\..\..\middleware\wireless\bluetooth_1.4.0\host\lib\lib_ble_5-0_host_ri5cy.a(att_cb.o)
                              ..\..\..\..\..\..\..\..\..\middleware\wireless\bluetooth_1.4.0\host\lib\lib_ble_5-0_host_ri5cy.a(att.o) (att_InitializeInternalCallback)
..\..\..\..\..\..\..\..\..\middleware\wireless\bluetooth_1.4.0\host\lib\lib_ble_5-0_host_ri5cy.a(host_hl_task.o)
                              sources\common\ble_host_tasks.o (Host_TaskHandler)
..\..\..\..\..\..\..\..\..\middleware\wireless\bluetooth_1.4.0\host\lib\lib_ble_5-0_host_ri5cy.a(host_version.o)
                              bluetooth\host\config\ble_globals.o (BLE_HOST_VERSION)
..\..\..\..\..\..\..\..\..\middleware\wireless\bluetooth_1.4.0\host\lib\lib_ble_5-0_host_ri5cy.a(device_db.o)
                              bluetooth\host\config\ble_globals.o (gActiveDevicesEntrySize)
..\..\..\..\..\..\..\..\..\middleware\wireless\bluetooth_1.4.0\host\lib\lib_ble_5-0_host_ri5cy.a(gap.o)
                              ..\..\..\..\..\..\..\..\..\middleware\wireless\bluetooth_1.4.0\host\lib\lib_ble_5-0_host_ri5cy.a(host_hl_task.o) (InternalGap_SendSingleAdvertisement)
..\..\..\..\..\..\..\..\..\middleware\wireless\bluetooth_1.4.0\host\lib\lib_ble_5-0_host_ri5cy.a(gap_api2msg.o)
                              sources\common\ble_init.o (Ble_HostInitialize)
..\..\..\..\..\..\..\..\..\middleware\wireless\bluetooth_1.4.0\host\lib\lib_ble_5-0_host_ri5cy.a(gap_cm.o)
                              ..\..\..\..\..\..\..\..\..\middleware\wireless\bluetooth_1.4.0\host\lib\lib_ble_5-0_host_ri5cy.a(gap.o) (gap_cm_verifyPraAtAppRequest)
..\..\..\..\..\..\..\..\..\middleware\wireless\bluetooth_1.4.0\host\lib\lib_ble_5-0_host_ri5cy.a(gap_hci_cb.o)
                              ..\..\..\..\..\..\..\..\..\middleware\wireless\bluetooth_1.4.0\host\lib\lib_ble_5-0_host_ri5cy.a(gap.o) (hciLeCallback)
..\..\..\..\..\..\..\..\..\middleware\wireless\bluetooth_1.4.0\host\lib\lib_ble_5-0_host_ri5cy.a(gap_sm_cb.o)
                              ..\..\..\..\..\..\..\..\..\middleware\wireless\bluetooth_1.4.0\host\lib\lib_ble_5-0_host_ri5cy.a(gap.o) (smCallback)
..\..\..\..\..\..\..\..\..\middleware\wireless\bluetooth_1.4.0\host\lib\lib_ble_5-0_host_ri5cy.a(gatt_api2msg.o)
                              ..\..\..\..\..\..\..\..\..\middleware\wireless\bluetooth_1.4.0\host\lib\lib_ble_5-0_host_ri5cy.a(gap.o) (Gatt_Init)
..\..\..\..\..\..\..\..\..\middleware\wireless\bluetooth_1.4.0\host\lib\lib_ble_5-0_host_ri5cy.a(gatt_client.o)
                              ..\..\..\..\..\..\..\..\..\middleware\wireless\bluetooth_1.4.0\host\lib\lib_ble_5-0_host_ri5cy.a(host_hl_task.o) (InternalGattClient_ResetProcedures)
..\..\..\..\..\..\..\..\..\middleware\wireless\bluetooth_1.4.0\host\lib\lib_ble_5-0_host_ri5cy.a(gatt_server.o)
                              ..\..\..\..\..\..\..\..\..\middleware\wireless\bluetooth_1.4.0\host\lib\lib_ble_5-0_host_ri5cy.a(gatt_api2msg.o) (InternalGattServer_Init)
..\..\..\..\..\..\..\..\..\middleware\wireless\bluetooth_1.4.0\host\lib\lib_ble_5-0_host_ri5cy.a(gatt_db_app.o)
                              bluetooth\profiles\battery\battery_service.o (GattDb_WriteAttribute)
..\..\..\..\..\..\..\..\..\middleware\wireless\bluetooth_1.4.0\host\lib\lib_ble_5-0_host_ri5cy.a(gatt_db_att.o)
                              ..\..\..\..\..\..\..\..\..\middleware\wireless\bluetooth_1.4.0\host\lib\lib_ble_5-0_host_ri5cy.a(gatt_server.o) (GattDb_AttFindInformation)
..\..\..\..\..\..\..\..\..\middleware\wireless\bluetooth_1.4.0\host\lib\lib_ble_5-0_host_ri5cy.a(gatt_db_prepare_write_queue.o)
                              ..\..\..\..\..\..\..\..\..\middleware\wireless\bluetooth_1.4.0\host\lib\lib_ble_5-0_host_ri5cy.a(gatt_server.o) (PrepWrQ_InitQueues)
..\..\..\..\..\..\..\..\..\middleware\wireless\bluetooth_1.4.0\host\lib\lib_ble_5-0_host_ri5cy.a(hci_commands.o)
                              ..\..\..\..\..\..\..\..\..\middleware\wireless\bluetooth_1.4.0\host\lib\lib_ble_5-0_host_ri5cy.a(gap.o) (Hci_Init)
..\..\..\..\..\..\..\..\..\middleware\wireless\bluetooth_1.4.0\host\lib\lib_ble_5-0_host_ri5cy.a(l2ca_main.o)
                              ..\..\..\..\..\..\..\..\..\middleware\wireless\bluetooth_1.4.0\host\lib\lib_ble_5-0_host_ri5cy.a(gap.o) (L2ca_Init)
..\..\..\..\..\..\..\..\..\middleware\wireless\bluetooth_1.4.0\host\lib\lib_ble_5-0_host_ri5cy.a(l2ca_resource_manager.o)
                              ..\..\..\..\..\..\..\..\..\middleware\wireless\bluetooth_1.4.0\host\lib\lib_ble_5-0_host_ri5cy.a(l2ca_main.o) (L2ca_InitRm)
..\..\..\..\..\..\..\..\..\middleware\wireless\bluetooth_1.4.0\host\lib\lib_ble_5-0_host_ri5cy.a(l2ca_signaling.o)
[...]
Memory Configuration

Name             Origin             Length             Attributes
m_vector         0x00000000000fff00 0x0000000000000100 xr
m_text           0x0000000000000000 0x00000000000fff00 xr
m_data           0x0000000020000000 0x000000000002e800 rw
rpmsg_sh_mem     0x000000002002e800 0x0000000000001800 rw
m_usb_sram       0x0000000048010000 0x0000000000000800 rw
*default*        0x0000000000000000 0xffffffffffffffff

Linker script and memory map

START GROUP
LOAD bluetooth\hci_transport\source\hcit_rpmsg_lite_interface.o
LOAD bluetooth\host\config\ble_globals.o
LOAD bluetooth\profiles\battery\battery_service.o
LOAD bluetooth\profiles\device_info\device_info_service.o
LOAD bluetooth\profiles\wireless_uart\wireless_uart_service.o
LOAD board\board.o
LOAD board\clock_config.o
LOAD board\gpio_pins.o
LOAD board\hardware_init.o
LOAD board\pin_mux.o
LOAD drivers\fsl_cau3.o
LOAD drivers\fsl_clock.o
LOAD drivers\fsl_common.o
LOAD drivers\fsl_flash.o
LOAD drivers\fsl_gpio.o
LOAD drivers\fsl_intmux.o
LOAD drivers\fsl_lpadc.o
LOAD drivers\fsl_lpspi.o
LOAD drivers\fsl_lpspi_freertos.o
LOAD drivers\fsl_lptmr.o
LOAD drivers\fsl_lpuart.o
LOAD drivers\fsl_msmc.o
LOAD drivers\fsl_mu.o
LOAD drivers\fsl_rtc.o
LOAD drivers\fsl_sema42.o
LOAD drivers\fsl_tpm.o
LOAD drivers\fsl_trng.o
LOAD framework\Flash\Internal\Flash_Adapter.o
LOAD framework\FunctionLib\FunctionLib.o
LOAD framework\GPIO\Source\GPIO_Adapter.o
LOAD framework\Keyboard\Source\Keyboard.o
LOAD framework\LED\Source\LED.o
LOAD framework\Lists\GenericList.o
LOAD framework\MWSCoexistence\Source\MWS.o
LOAD framework\MemManager\Source\MemManager.o
LOAD framework\Messaging\Source\Messaging.o
LOAD framework\ModuleInfo\ModuleInfo.o
LOAD framework\NVM\Source\NV_Flash.o
LOAD framework\NVM\Source\NV_FsciCommands.o
LOAD framework\OSAbstraction\fsl_os_abstraction_free_rtos.o
LOAD framework\Panic\Source\Panic.o
LOAD framework\RNG\Source\RNG_mbedTLS.o
LOAD framework\Reset\Source\Reset.o
LOAD framework\SecLib\SecLib_mbedTLS.o
LOAD framework\SerialManager\Source\SerialManager.o
LOAD framework\SerialManager\Source\UART_Adapter.o
LOAD framework\Shell\Source\shell.o
LOAD framework\Shell\Source\shell_autocomplete.o
LOAD framework\Shell\Source\shell_cmdhelp.o
LOAD framework\Shell\Source\shell_cmdhist.o
LOAD framework\TimersManager\Source\TMR_Adapter.o
LOAD framework\TimersManager\Source\TimersManager.o
LOAD freertos\croutine.o
LOAD freertos\event_groups.o
LOAD freertos\heap_4.o
LOAD freertos\list.o
LOAD freertos\portable\port.o
LOAD freertos\portable\portASM.o
LOAD freertos\queue.o
LOAD freertos\tasks.o
LOAD freertos\timers.o
LOAD mbedtls\port\des_alt.o
LOAD mbedtls\port\ksdk_mbedtls.o
LOAD mbedtls\source\aes.o
LOAD mbedtls\source\aesni.o
LOAD mbedtls\source\arc4.o
LOAD mbedtls\source\asn1parse.o
LOAD mbedtls\source\asn1write.o
LOAD mbedtls\source\base64.o
LOAD mbedtls\source\bignum.o
LOAD mbedtls\source\blowfish.o
LOAD mbedtls\source\camellia.o
LOAD mbedtls\source\ccm.o
LOAD mbedtls\source\certs.o
LOAD mbedtls\source\cipher.o
LOAD mbedtls\source\cipher_wrap.o
LOAD mbedtls\source\cmac.o
LOAD mbedtls\source\ctr_drbg.o
LOAD mbedtls\source\debug.o
LOAD mbedtls\source\des.o
LOAD mbedtls\source\dhm.o
LOAD mbedtls\source\ecdh.o
LOAD mbedtls\source\ecdsa.o
LOAD mbedtls\source\ecjpake.o
LOAD mbedtls\source\ecp.o
LOAD mbedtls\source\ecp_curves.o
LOAD mbedtls\source\entropy.o
LOAD mbedtls\source\entropy_poll.o
LOAD mbedtls\source\error.o
LOAD mbedtls\source\gcm.o
LOAD mbedtls\source\havege.o
LOAD mbedtls\source\hmac_drbg.o
LOAD mbedtls\source\md.o
LOAD mbedtls\source\md2.o
LOAD mbedtls\source\md4.o
LOAD mbedtls\source\md5.o
LOAD mbedtls\source\md_wrap.o
LOAD mbedtls\source\memory_buffer_alloc.o
LOAD mbedtls\source\net_sockets.o
LOAD mbedtls\source\oid.o
LOAD mbedtls\source\padlock.o
LOAD mbedtls\source\pem.o
LOAD mbedtls\source\pk.o
LOAD mbedtls\source\pk_wrap.o
LOAD mbedtls\source\pkcs11.o
LOAD mbedtls\source\pkcs12.o
LOAD mbedtls\source\pkcs5.o
LOAD mbedtls\source\pkparse.o
LOAD mbedtls\source\pkwrite.o
LOAD mbedtls\source\platform.o
LOAD mbedtls\source\ripemd160.o
LOAD mbedtls\source\rsa.o
LOAD mbedtls\source\sha1.o
LOAD mbedtls\source\sha256.o
LOAD mbedtls\source\sha512.o
LOAD mbedtls\source\ssl_cache.o
LOAD mbedtls\source\ssl_ciphersuites.o
LOAD mbedtls\source\ssl_cli.o
LOAD mbedtls\source\ssl_cookie.o
LOAD mbedtls\source\ssl_srv.o
LOAD mbedtls\source\ssl_ticket.o
LOAD mbedtls\source\ssl_tls.o
LOAD mbedtls\source\threading.o
LOAD mbedtls\source\timing.o
LOAD mbedtls\source\version.o
LOAD mbedtls\source\version_features.o
LOAD mbedtls\source\x509.o
LOAD mbedtls\source\x509_create.o
LOAD mbedtls\source\x509_crl.o
LOAD mbedtls\source\x509_crt.o
LOAD mbedtls\source\x509_csr.o
LOAD mbedtls\source\x509write_crt.o
LOAD mbedtls\source\x509write_csr.o
LOAD mbedtls\source\xtea.o
LOAD mcmgr\mcmgr.o
LOAD mcmgr\mcmgr_internal_core_api_rv32m1.o
LOAD mcmgr\mcmgr_mu_internal.o
LOAD rpmsg_lite\llist.o
LOAD rpmsg_lite\porting\rpmsg_platform.o
LOAD rpmsg_lite\rpmsg_lite\env\freertos\rpmsg_env_freertos.o
LOAD rpmsg_lite\rpmsg_lite.o
LOAD rpmsg_lite\rpmsg_ns.o
LOAD rpmsg_lite\rpmsg_queue.o
LOAD rpmsg_lite\virtqueue.o
LOAD sources\app_config.o
LOAD sources\common\ApplMain.o
LOAD sources\common\ble_conn_manager.o
LOAD sources\common\ble_controller_task.o
LOAD sources\common\ble_host_tasks.o
LOAD sources\common\ble_init.o
LOAD sources\common\ble_service_discovery.o
LOAD sources\common\gatt_db\gatt_database.o
LOAD sources\currenSensor.o
LOAD sources\ili9341.o
LOAD sources\memflash.o
LOAD sources\wireless_uart.o
LOAD startup\startup_RV32M1_ri5cy.o
LOAD startup\system_RV32M1_ri5cy.o
LOAD utilities\fsl_debug_console.o
LOAD utilities\fsl_io.o
LOAD utilities\fsl_log.o
LOAD utilities\fsl_str.o
LOAD ..\..\..\..\..\..\..\..\..\middleware\wireless\bluetooth_1.4.0\host\lib\lib_ble_5-0_host_ri5cy.a
LOAD c:/vega/rv32m1_sdk_riscv/toolchain_windows/riscv32-unknown-elf-gcc/riscv32-unknown-elf-gcc/bin/../lib/gcc/riscv32-unknown-elf/7.1.1/../../../../riscv32-unknown-elf/lib/rv32imcxpulpv2/ilp32\libm.a
LOAD c:/vega/rv32m1_sdk_riscv/toolchain_windows/riscv32-unknown-elf-gcc/riscv32-unknown-elf-gcc/bin/../lib/gcc/riscv32-unknown-elf/7.1.1/../../../../riscv32-unknown-elf/lib/rv32imcxpulpv2/ilp32\libg.a
LOAD c:/vega/rv32m1_sdk_riscv/toolchain_windows/riscv32-unknown-elf-gcc/riscv32-unknown-elf-gcc/bin/../lib/gcc/riscv32-unknown-elf/7.1.1/rv32imcxpulpv2/ilp32\libgcc.a
LOAD c:/vega/rv32m1_sdk_riscv/toolchain_windows/riscv32-unknown-elf-gcc/riscv32-unknown-elf-gcc/bin/../lib/gcc/riscv32-unknown-elf/7.1.1/../../../../riscv32-unknown-elf/lib/rv32imcxpulpv2/ilp32\libnosys.a
END GROUP
                0x0000000000000400                HEAP_SIZE = DEFINED (__heap_size__)?__heap_size__:0x400
                0x0000000000002000                STACK_SIZE = DEFINED (__stack_size__)?__stack_size__:0x2000

.noinit_rpmsg_sh_mem
                0x000000002002e800     0x1800
 *(.noinit.$rpmsg_sh_mem*)
 .noinit.$rpmsg_sh_mem
                0x000000002002e800     0x1800 bluetooth\hci_transport\source\hcit_rpmsg_lite_interface.o
                0x000000002002e800                rpmsg_lite_base
                0x0000000020030000                . = ALIGN (0x4)

.vectors        0x00000000000fff00       0x90
                0x00000000000fff00                __VECTOR_TABLE = .
 *(.vectors)
 .vectors       0x00000000000fff00       0x90 startup\startup_RV32M1_ri5cy.o

.text           0x0000000000000000    0x3bf38
                0x0000000000000000                . = ALIGN (0x4)
 *(.startup)
 .startup       0x0000000000000000      0x194 startup\startup_RV32M1_ri5cy.o
                0x0000000000000028                _fini
                0x0000000000000028                _init
                0x0000000000000140                IllegalInstruction_Handler
                0x0000000000000170                LSU_Handler
                0x0000000000000188                IllegalInstruction_HandlerFunc
                0x000000000000018c                Ecall_HandlerFunc
                0x0000000000000190                LSU_HandlerFunc
                0x0000000000000194                . = ALIGN (0x4)
                0x0000000000000194                __user_vector = .
 *(user_vectors)
 user_vectors   0x0000000000000194       0xfc startup\system_RV32M1_ri5cy.o
                0x0000000000000194                isrTable
 *(.text)
 .text          0x0000000000000290      0x360 freertos\portable\portASM.o
                0x0000000000000290                xPortStartFirstTask
                0x000000000000031a                Ecall_Handler
                0x0000000000000466                IRQ_Handler
 .text          0x00000000000005f0       0xa8 c:/vega/rv32m1_sdk_riscv/toolchain_windows/riscv32-unknown-elf-gcc/riscv32-unknown-elf-gcc/bin/../lib/gcc/riscv32-unknown-elf/7.1.1/../../../../riscv32-unknown-elf/lib/rv32imcxpulpv2/ilp32\libm.a(lib_a-w_sqrt.o)
                0x00000000000005f0                sqrt
 .text          0x0000000000000698      0x176 c:/vega/rv32m1_sdk_riscv/toolchain_windows/riscv32-unknown-elf-gcc/riscv32-unknown-elf-gcc/bin/../lib/gcc/riscv32-unknown-elf/7.1.1/../../../../riscv32-unknown-elf/lib/rv32imcxpulpv2/ilp32\libm.a(lib_a-e_sqrt.o)
                0x0000000000000698                __ieee754_sqrt
 .text          0x000000000000080e        0x4 c:/vega/rv32m1_sdk_riscv/toolchain_windows/riscv32-unknown-elf-gcc/riscv32-unknown-elf-gcc/bin/../lib/gcc/riscv32-unknown-elf/7.1.1/../../../../riscv32-unknown-elf/lib/rv32imcxpulpv2/ilp32\libm.a(lib_a-s_matherr.o)
                0x000000000000080e                matherr
 .text          0x0000000000000812        0xa c:/vega/rv32m1_sdk_riscv/toolchain_windows/riscv32-unknown-elf-gcc/riscv32-unknown-elf-gcc/bin/../lib/gcc/riscv32-unknown-elf/7.1.1/../../../../riscv32-unknown-elf/lib/rv32imcxpulpv2/ilp32\libg.a(lib_a-errno.o)
                0x0000000000000812                __errno
 .text          0x000000000000081c       0x6a c:/vega/rv32m1_sdk_riscv/toolchain_windows/riscv32-unknown-elf-gcc/riscv32-unknown-elf-gcc/bin/../lib/gcc/riscv32-unknown-elf/7.1.1/../../../../riscv32-unknown-elf/lib/rv32imcxpulpv2/ilp32\libg.a(lib_a-init.o)
                0x000000000000081c                __libc_init_array
 .text          0x0000000000000886       0x1c c:/vega/rv32m1_sdk_riscv/toolchain_windows/riscv32-unknown-elf-gcc/riscv32-unknown-elf-gcc/bin/../lib/gcc/riscv32-unknown-elf/7.1.1/../../../../riscv32-unknown-elf/lib/rv32imcxpulpv2/ilp32\libg.a(lib_a-memcmp.o)
                0x0000000000000886                memcmp
 .text          0x00000000000008a2       0xb6 c:/vega/rv32m1_sdk_riscv/toolchain_windows/riscv32-unknown-elf-gcc/riscv32-unknown-elf-gcc/bin/../lib/gcc/riscv32-unknown-elf/7.1.1/../../../../riscv32-unknown-elf/lib/rv32imcxpulpv2/ilp32\libg.a(lib_a-memcpy.o)
                0x00000000000008a2                memcpy
 .text          0x0000000000000958       0xa8 c:/vega/rv32m1_sdk_riscv/toolchain_windows/riscv32-unknown-elf-gcc/riscv32-unknown-elf-gcc/bin/../lib/gcc/riscv32-unknown-elf/7.1.1/../../../../riscv32-unknown-elf/lib/rv32imcxpulpv2/ilp32\libg.a(lib_a-memset.o)
                0x0000000000000958                memset
 .text          0x0000000000000a00       0x10 c:/vega/rv32m1_sdk_riscv/toolchain_windows/riscv32-unknown-elf-gcc/riscv32-unknown-elf-gcc/bin/../lib/gcc/riscv32-unknown-elf/7.1.1/../../../../riscv32-unknown-elf/lib/rv32imcxpulpv2/ilp32\libg.a(lib_a-strlen.o)
                0x0000000000000a00                strlen
 .text          0x0000000000000a10       0x2c c:/vega/rv32m1_sdk_riscv/toolchain_windows/riscv32-unknown-elf-gcc/riscv32-unknown-elf-gcc/bin/../lib/gcc/riscv32-unknown-elf/7.1.1/../../../../riscv32-unknown-elf/lib/rv32imcxpulpv2/ilp32\libg.a(lib_a-strncpy.o)
                0x0000000000000a10                strncpy
 .text          0x0000000000000a3c       0x2a c:/vega/rv32m1_sdk_riscv/toolchain_windows/riscv32-unknown-elf-gcc/riscv32-unknown-elf-gcc/bin/../lib/gcc/riscv32-unknown-elf/7.1.1/rv32imcxpulpv2/ilp32\libgcc.a(_lshrdi3.o)
                0x0000000000000a3c                __lshrdi3
 .text          0x0000000000000a66       0x24 c:/vega/rv32m1_sdk_riscv/toolchain_windows/riscv32-unknown-elf-gcc/riscv32-unknown-elf-gcc/bin/../lib/gcc/riscv32-unknown-elf/7.1.1/rv32imcxpulpv2/ilp32\libgcc.a(_bswapsi2.o)
                0x0000000000000a66                __bswapsi2
 .text          0x0000000000000a8a      0x33c c:/vega/rv32m1_sdk_riscv/toolchain_windows/riscv32-unknown-elf-gcc/riscv32-unknown-elf-gcc/bin/../lib/gcc/riscv32-unknown-elf/7.1.1/rv32imcxpulpv2/ilp32\libgcc.a(_udivdi3.o)
                0x0000000000000a8a                __udivdi3
 .text          0x0000000000000dc6      0x5fe c:/vega/rv32m1_sdk_riscv/toolchain_windows/riscv32-unknown-elf-gcc/riscv32-unknown-elf-gcc/bin/../lib/gcc/riscv32-unknown-elf/7.1.1/rv32imcxpulpv2/ilp32\libgcc.a(adddf3.o)
                0x0000000000000dc6                __adddf3
 .text          0x00000000000013c4      0x4d2 c:/vega/rv32m1_sdk_riscv/toolchain_windows/riscv32-unknown-elf-gcc/riscv32-unknown-elf-gcc/bin/../lib/gcc/riscv32-unknown-elf/7.1.1/rv32imcxpulpv2/ilp32\libgcc.a(divdf3.o)
                0x00000000000013c4                __divdf3
 .text          0x0000000000001896       0xae c:/vega/rv32m1_sdk_riscv/toolchain_windows/riscv32-unknown-elf-gcc/riscv32-unknown-elf-gcc/bin/../lib/gcc/riscv32-unknown-elf/7.1.1/rv32imcxpulpv2/ilp32\libgcc.a(ledf2.o)
                0x0000000000001896                __ledf2
                0x0000000000001896                __ltdf2
 .text          0x0000000000001944      0x420 c:/vega/rv32m1_sdk_riscv/toolchain_windows/riscv32-unknown-elf-gcc/riscv32-unknown-elf-gcc/bin/../lib/gcc/riscv32-unknown-elf/7.1.1/rv32imcxpulpv2/ilp32\libgcc.a(muldf3.o)
                0x0000000000001944                __muldf3
 .text          0x0000000000001d64      0x612 c:/vega/rv32m1_sdk_riscv/toolchain_windows/riscv32-unknown-elf-gcc/riscv32-unknown-elf-gcc/bin/../lib/gcc/riscv32-unknown-elf/7.1.1/rv32imcxpulpv2/ilp32\libgcc.a(subdf3.o)
                0x0000000000001d64                __subdf3
 .text          0x0000000000002376       0x32 c:/vega/rv32m1_sdk_riscv/toolchain_windows/riscv32-unknown-elf-gcc/riscv32-unknown-elf-gcc/bin/../lib/gcc/riscv32-unknown-elf/7.1.1/rv32imcxpulpv2/ilp32\libgcc.a(unorddf2.o)
                0x0000000000002376                __unorddf2
 .text          0x00000000000023a8       0x52 c:/vega/rv32m1_sdk_riscv/toolchain_windows/riscv32-unknown-elf-gcc/riscv32-unknown-elf-gcc/bin/../lib/gcc/riscv32-unknown-elf/7.1.1/rv32imcxpulpv2/ilp32\libgcc.a(fixunsdfsi.o)
                0x00000000000023a8                __fixunsdfsi
 .text          0x00000000000023fa       0x58 c:/vega/rv32m1_sdk_riscv/toolchain_windows/riscv32-unknown-elf-gcc/riscv32-unknown-elf-gcc/bin/../lib/gcc/riscv32-unknown-elf/7.1.1/rv32imcxpulpv2/ilp32\libgcc.a(floatsidf.o)
                0x00000000000023fa                __floatsidf
 .text          0x0000000000002452       0x4c c:/vega/rv32m1_sdk_riscv/toolchain_windows/riscv32-unknown-elf-gcc/riscv32-unknown-elf-gcc/bin/../lib/gcc/riscv32-unknown-elf/7.1.1/rv32imcxpulpv2/ilp32\libgcc.a(floatunsidf.o)
                0x0000000000002452                __floatunsidf
 .text          0x000000000000249e       0x84 c:/vega/rv32m1_sdk_riscv/toolchain_windows/riscv32-unknown-elf-gcc/riscv32-unknown-elf-gcc/bin/../lib/gcc/riscv32-unknown-elf/7.1.1/rv32imcxpulpv2/ilp32\libgcc.a(lesf2.o)
                0x000000000000249e                __ltsf2
                0x000000000000249e                __lesf2
 .text          0x0000000000002522      0x1ec c:/vega/rv32m1_sdk_riscv/toolchain_windows/riscv32-unknown-elf-gcc/riscv32-unknown-elf-gcc/bin/../lib/gcc/riscv32-unknown-elf/7.1.1/rv32imcxpulpv2/ilp32\libgcc.a(mulsf3.o)
                0x0000000000002522                __mulsf3
 .text          0x000000000000270e       0x4a c:/vega/rv32m1_sdk_riscv/toolchain_windows/riscv32-unknown-elf-gcc/riscv32-unknown-elf-gcc/bin/../lib/gcc/riscv32-unknown-elf/7.1.1/rv32imcxpulpv2/ilp32\libgcc.a(fixunssfsi.o)
                0x000000000000270e                __fixunssfsi
 .text          0x0000000000002758       0x90 c:/vega/rv32m1_sdk_riscv/toolchain_windows/riscv32-unknown-elf-gcc/riscv32-unknown-elf-gcc/bin/../lib/gcc/riscv32-unknown-elf/7.1.1/rv32imcxpulpv2/ilp32\libgcc.a(floatunsisf.o)
                0x0000000000002758                __floatunsisf
 .text          0x00000000000027e8      0x114 c:/vega/rv32m1_sdk_riscv/toolchain_windows/riscv32-unknown-elf-gcc/riscv32-unknown-elf-gcc/bin/../lib/gcc/riscv32-unknown-elf/7.1.1/rv32imcxpulpv2/ilp32\libgcc.a(truncdfsf2.o)
                0x00000000000027e8                __truncdfsf2
 *(.text*)
 .text.Hcit_SendMessage
                0x00000000000028fc       0x52 bluetooth\hci_transport\source\hcit_rpmsg_lite_interface.o
 .text.my_ept_read_cb
                0x000000000000294e      0x308 bluetooth\hci_transport\source\hcit_rpmsg_lite_interface.o
 .text.RPMsgRemoteReadyEventHandler
                0x0000000000002c56       0x2c bluetooth\hci_transport\source\hcit_rpmsg_lite_interface.o
 .text.Hcit_Init
                0x0000000000002c82       0xec bluetooth\hci_transport\source\hcit_rpmsg_lite_interface.o
                0x0000000000002c82                Hcit_Init
 .text.Hcit_SendPacket
                0x0000000000002d6e       0xba bluetooth\hci_transport\source\hcit_rpmsg_lite_interface.o
                0x0000000000002d6e                Hcit_SendPacket
 .text.Ble_CheckMemoryStorage
                0x0000000000002e28       0x4a bluetooth\host\config\ble_globals.o
                0x0000000000002e28                Ble_CheckMemoryStorage
 .text.Bas_Start
                0x0000000000002e72       0x52 bluetooth\profiles\battery\battery_service.o
                0x0000000000002e72                Bas_Start
 .text.Bas_Subscribe
                0x0000000000002ec4       0x40 bluetooth\profiles\battery\battery_service.o
                0x0000000000002ec4                Bas_Subscribe
 .text.Bas_Unsubscribe
                0x0000000000002f04       0x3e bluetooth\profiles\battery\battery_service.o
                0x0000000000002f04                Bas_Unsubscribe
 .text.Bas_RecordBatteryMeasurement
                0x0000000000002f42       0x9c bluetooth\profiles\battery\battery_service.o
                0x0000000000002f42                Bas_RecordBatteryMeasurement
 .text.Bas_SendNotifications
                0x0000000000002fde       0x9a bluetooth\profiles\battery\battery_service.o
 .text.Wus_Start
                0x0000000000003078       0x1e bluetooth\profiles\wireless_uart\wireless_uart_service.o
                0x0000000000003078                Wus_Start
 .text.Wus_Subscribe
                0x0000000000003096       0x32 bluetooth\profiles\wireless_uart\wireless_uart_service.o
                0x0000000000003096                Wus_Subscribe
 .text.Wus_Unsubscribe
                0x00000000000030c8       0x1a bluetooth\profiles\wireless_uart\wireless_uart_service.o
                0x00000000000030c8                Wus_Unsubscribe
 .text.CLOCK_SetIpSrc
                0x00000000000030e2       0xb6 board\board.o
 .text.CLOCK_SetIpSrcDiv
                0x0000000000003198       0xd8 board\board.o
 .text.EnableIRQ
                0x0000000000003270       0x54 board\board.o
 .text.LPADC_EnableInterrupts
                0x00000000000032c4       0x28 board\board.o
 .text.BOARD_InitDebugConsole
                0x00000000000032ec       0x42 board\board.o
                0x00000000000032ec                BOARD_InitDebugConsole
 .text.BOARD_GetMCUUid
                0x000000000000332e       0x78 board\board.o
                0x000000000000332e                BOARD_GetMCUUid
 .text.BOARD_GetLpuartClock
                0x00000000000033a6       0x68 board\board.o
                0x00000000000033a6                BOARD_GetLpuartClock
 .text.Board_RemoteCoreUpEventHandler
                0x000000000000340e       0x38 board\board.o
                0x000000000000340e                Board_RemoteCoreUpEventHandler
 .text.Board_RemoteApplicationEventHandler
                0x0000000000003446       0x22 board\board.o
                0x0000000000003446                Board_RemoteApplicationEventHandler
 .text.Board_StartSecondaryCoreApp
                0x0000000000003468       0x52 board\board.o
                0x0000000000003468                Board_StartSecondaryCoreApp
 .text.BOARD_InitAdc
                0x00000000000034ba       0x9a board\board.o
                0x00000000000034ba                BOARD_InitAdc
 .text.BOARD_DCDCInit
                0x0000000000003554        0xe board\board.o
                0x0000000000003554                BOARD_DCDCInit
 .text.CLOCK_SetIpSrc
                0x0000000000003562       0xb6 board\clock_config.o
 .text.CLOCK_SetRunModeSysClkConfig
                0x0000000000003618       0x48 board\clock_config.o
 .text.CLOCK_GetCurSysClkConfig
                0x0000000000003660       0x48 board\clock_config.o
 .text.CLOCK_CONFIG_FircSafeConfig
                0x00000000000036a8       0xcc board\clock_config.o
 .text.BOARD_BootClockRUN
                0x0000000000003774       0x74 board\clock_config.o
                0x0000000000003774                BOARD_BootClockRUN
 .text.CLOCK_SetIpSrc
                0x00000000000037e8       0xb6 board\hardware_init.o
 .text.BOARD_InitHardware
                0x000000000000389e        0xe board\hardware_init.o
                0x000000000000389e                BOARD_InitHardware
 .text.hardware_init
                0x00000000000038ac       0x82 board\hardware_init.o
                0x00000000000038ac                hardware_init
 .text.BOARD_GetBatteryLevel
                0x000000000000392e       0x12 board\hardware_init.o
                0x000000000000392e                BOARD_GetBatteryLevel
 .text.BOARD_GetTpmClock
                0x0000000000003940       0x7e board\hardware_init.o
                0x0000000000003940                BOARD_GetTpmClock
 .text.CLOCK_EnableClock
                0x00000000000039be       0x52 board\pin_mux.o
 .text.PORT_SetPinMux
                0x0000000000003a10       0x48 board\pin_mux.o
 .text.BOARD_InitPins_ri5cy
                0x0000000000003a58       0xe0 board\pin_mux.o
                0x0000000000003a58                BOARD_InitPins_ri5cy
 .text.BOARD_InitLPUART
                0x0000000000003b38       0x5c board\pin_mux.o
                0x0000000000003b38                BOARD_InitLPUART
 .text.CLOCK_EnableClock
                0x0000000000003b94       0x52 drivers\fsl_cau3.o
 .text.cau3_process_task_completion
                0x0000000000003be6       0xc4 drivers\fsl_cau3.o
 .text.cau3_initialize_inst_memory
                0x0000000000003caa      0x106 drivers\fsl_cau3.o
 .text.cau3_initialize_data_memory
                0x0000000000003db0       0x58 drivers\fsl_cau3.o
 .text.cau3_initialize_read_only_data_memory
                0x0000000000003e08       0x8e drivers\fsl_cau3.o
 .text.CAU3_AES_Encrypt
                0x0000000000003e96       0x98 drivers\fsl_cau3.o
                0x0000000000003e96                CAU3_AES_Encrypt
 .text.CAU3_AES_Decrypt
                0x0000000000003f2e       0x98 drivers\fsl_cau3.o
                0x0000000000003f2e                CAU3_AES_Decrypt
 .text.CAU3_Init
                0x0000000000003fc6       0x70 drivers\fsl_cau3.o
                0x0000000000003fc6                CAU3_Init
 .text.cau3_load_key_context
                0x0000000000004036       0x7c drivers\fsl_cau3.o
 .text.CAU3_AES_SetKey
                0x00000000000040b2       0xc2 drivers\fsl_cau3.o
                0x00000000000040b2                CAU3_AES_SetKey
 .text.CAU3_AES_Cmac
                0x0000000000004174       0xb4 drivers\fsl_cau3.o
                0x0000000000004174                CAU3_AES_Cmac
 .text.cau3_hash_check_input_alg
                0x0000000000004228       0x28 drivers\fsl_cau3.o
 .text.cau3_hash_check_input_args
                0x0000000000004250       0x42 drivers\fsl_cau3.o
 .text.cau3_hash_check_context
                0x0000000000004292       0x3c drivers\fsl_cau3.o
 .text.CAU3_Sha1InitializeOutput
                0x00000000000042ce       0x6e drivers\fsl_cau3.o
 .text.CAU3_Sha1Update
                0x000000000000433c       0x8e drivers\fsl_cau3.o
 .text.CAU3_Sha256InitializeOutput
                0x00000000000043ca       0x6e drivers\fsl_cau3.o
                0x00000000000043ca                CAU3_Sha256InitializeOutput
 .text.CAU3_Sha256Update
                0x0000000000004438       0x8e drivers\fsl_cau3.o
                0x0000000000004438                CAU3_Sha256Update
 .text.cau3_hash_engine_init
                0x00000000000044c6       0x66 drivers\fsl_cau3.o
 .text.cau3_hash_process_message_data
                0x000000000000452c      0x14a drivers\fsl_cau3.o
 .text.cau3_hash_finalize
                0x0000000000004676      0x240 drivers\fsl_cau3.o
 .text.CAU3_HASH_Init
                0x00000000000048b6       0x96 drivers\fsl_cau3.o
                0x00000000000048b6                CAU3_HASH_Init
 .text.CAU3_HASH_Update
                0x000000000000494c      0x11c drivers\fsl_cau3.o
                0x000000000000494c                CAU3_HASH_Update
 .text.CAU3_HASH_Finish
                0x0000000000004a68      0x100 drivers\fsl_cau3.o
                0x0000000000004a68                CAU3_HASH_Finish
 .text.cau3_wait
                0x0000000000004b68       0x9a drivers\fsl_cau3.o
                0x0000000000004b68                cau3_wait
 .text.cau3_clear_all
                0x0000000000004c02       0x3c drivers\fsl_cau3.o
                0x0000000000004c02                cau3_clear_all
 .text.cau3_get_word_from_unaligned
                0x0000000000004c3e       0x4a drivers\fsl_cau3.o
 .text.cau3_pkha_clear_regabne
                0x0000000000004c88       0x9a drivers\fsl_cau3.o
 .text.cau3_pkha_default_parms
                0x0000000000004d22       0x66 drivers\fsl_cau3.o
 .text.cau3_pkha_write_word
                0x0000000000004d88       0xc6 drivers\fsl_cau3.o
 .text.cau3_pkha_read_word
                0x0000000000004e4e       0xa8 drivers\fsl_cau3.o
 .text.cau3_pkha_write_reg
                0x0000000000004ef6       0xb6 drivers\fsl_cau3.o
 .text.cau3_pkha_read_reg
                0x0000000000004fac       0x9a drivers\fsl_cau3.o
 .text.cau3_pkha_init_data
                0x0000000000005046      0x16e drivers\fsl_cau3.o
 .text.cau3_pkha_mode_set_src_reg_copy
                0x00000000000051b4       0x60 drivers\fsl_cau3.o
 .text.cau3_pkha_mode_set_dst_reg_copy
                0x0000000000005214       0x58 drivers\fsl_cau3.o
 .text.cau3_pkha_mode_set_src_seg_copy
                0x000000000000526c       0x2c drivers\fsl_cau3.o
 .text.cau3_pkha_mode_set_dst_seg_copy
                0x0000000000005298       0x2c drivers\fsl_cau3.o
 .text.cau3_pkha_init_mode
                0x00000000000052c4      0x126 drivers\fsl_cau3.o
 .text.cau3_pkha_modmul
                0x00000000000053ea      0x108 drivers\fsl_cau3.o
 .text.CAU3_PKHA_CompareBigNum
                0x00000000000054f2      0x16c drivers\fsl_cau3.o
                0x00000000000054f2                CAU3_PKHA_CompareBigNum
 .text.CAU3_PKHA_ModAdd
                0x000000000000565e       0xfc drivers\fsl_cau3.o
                0x000000000000565e                CAU3_PKHA_ModAdd
 .text.CAU3_PKHA_ModSub1
                0x000000000000575a       0xf0 drivers\fsl_cau3.o
                0x000000000000575a                CAU3_PKHA_ModSub1
 .text.CAU3_PKHA_ModMul
                0x000000000000584a       0x84 drivers\fsl_cau3.o
                0x000000000000584a                CAU3_PKHA_ModMul
 .text.CAU3_PKHA_ModRed
                0x00000000000058ce       0xc4 drivers\fsl_cau3.o
                0x00000000000058ce                CAU3_PKHA_ModRed
 .text.CAU3_PKHA_ECC_PointMul
                0x0000000000005992      0x1c4 drivers\fsl_cau3.o
                0x0000000000005992                CAU3_PKHA_ECC_PointMul
 .text.CLOCK_GetLpoClkFreq
                0x0000000000005b56       0x12 drivers\fsl_clock.o
 .text.CLOCK_GetCurSysClkConfig
                0x0000000000005b68       0x48 drivers\fsl_clock.o
 .text.CLOCK_GetOsc32kClkFreq
                0x0000000000005bb0       0x44 drivers\fsl_clock.o
                0x0000000000005bb0                CLOCK_GetOsc32kClkFreq
 .text.CLOCK_GetFreq
                0x0000000000005bf4      0x11c drivers\fsl_clock.o
                0x0000000000005bf4                CLOCK_GetFreq
 .text.CLOCK_GetIpFreq
                0x0000000000005d10      0x138 drivers\fsl_clock.o
                0x0000000000005d10                CLOCK_GetIpFreq
 .text.CLOCK_GetSysClkFreq
                0x0000000000005e48       0xfa drivers\fsl_clock.o
                0x0000000000005e48                CLOCK_GetSysClkFreq
 .text.CLOCK_GetSysOscFreq
                0x0000000000005f42       0x58 drivers\fsl_clock.o
                0x0000000000005f42                CLOCK_GetSysOscFreq
 .text.CLOCK_GetSysOscAsyncFreq
                0x0000000000005f9a       0x8c drivers\fsl_clock.o
                0x0000000000005f9a                CLOCK_GetSysOscAsyncFreq
 .text.CLOCK_InitSirc
                0x0000000000006026       0xc2 drivers\fsl_clock.o
                0x0000000000006026                CLOCK_InitSirc
 .text.CLOCK_DeinitSirc
                0x00000000000060e8       0x48 drivers\fsl_clock.o
                0x00000000000060e8                CLOCK_DeinitSirc
 .text.CLOCK_GetSircFreq
                0x0000000000006130       0x3c drivers\fsl_clock.o
                0x0000000000006130                CLOCK_GetSircFreq
 .text.CLOCK_GetSircAsyncFreq
                0x000000000000616c       0x8c drivers\fsl_clock.o
                0x000000000000616c                CLOCK_GetSircAsyncFreq
 .text.CLOCK_InitFirc
                0x00000000000061f8      0x164 drivers\fsl_clock.o
                0x00000000000061f8                CLOCK_InitFirc
 .text.CLOCK_DeinitFirc
                0x000000000000635c       0x4c drivers\fsl_clock.o
                0x000000000000635c                CLOCK_DeinitFirc
 .text.CLOCK_GetFircFreq
                0x00000000000063a8       0x3c drivers\fsl_clock.o
                0x00000000000063a8                CLOCK_GetFircFreq
 .text.CLOCK_GetFircAsyncFreq
                0x00000000000063e4       0x8c drivers\fsl_clock.o
                0x00000000000063e4                CLOCK_GetFircAsyncFreq
 .text.CLOCK_GetRtcOscFreq
                0x0000000000006470       0x56 drivers\fsl_clock.o
                0x0000000000006470                CLOCK_GetRtcOscFreq
 .text.CLOCK_InitLpFll
                0x00000000000064c6      0x194 drivers\fsl_clock.o
                0x00000000000064c6                CLOCK_InitLpFll
 .text.CLOCK_DeinitLpFll
                0x000000000000665a       0x4c drivers\fsl_clock.o
                0x000000000000665a                CLOCK_DeinitLpFll
 .text.CLOCK_GetLpFllFreq
                0x00000000000066a6       0x3c drivers\fsl_clock.o
                0x00000000000066a6                CLOCK_GetLpFllFreq
 .text.CLOCK_GetLpFllAsyncFreq
                0x00000000000066e2       0x74 drivers\fsl_clock.o
                0x00000000000066e2                CLOCK_GetLpFllAsyncFreq
 .text.__assert_func
                0x0000000000006756       0x38 drivers\fsl_common.o
                0x0000000000006756                __assert_func
 .text.FLASH_Init
                0x000000000000678e      0x1cc drivers\fsl_flash.o
                0x000000000000678e                FLASH_Init
 .text.FLASH_PrepareExecuteInRamFunctions
                0x000000000000695a       0x50 drivers\fsl_flash.o
                0x000000000000695a                FLASH_PrepareExecuteInRamFunctions
 .text.FLASH_Program
                0x00000000000069aa      0x12e drivers\fsl_flash.o
                0x00000000000069aa                FLASH_Program
 .text.FLASH_VerifyProgram
                0x0000000000006ad8      0x12c drivers\fsl_flash.o
                0x0000000000006ad8                FLASH_VerifyProgram
 .text.FLASH_GetProperty
                0x0000000000006c04       0xe8 drivers\fsl_flash.o
                0x0000000000006c04                FLASH_GetProperty
 .text.copy_flash_run_command
                0x0000000000006cec       0x38 drivers\fsl_flash.o
 .text.flash_command_sequence
                0x0000000000006d24       0x82 drivers\fsl_flash.o
 .text.copy_flash_common_bit_operation
                0x0000000000006da6       0x38 drivers\fsl_flash.o
 .text.mcm_flash_cache_clear
                0x0000000000006dde       0x32 drivers\fsl_flash.o
                0x0000000000006dde                mcm_flash_cache_clear
 .text.mscm_flash_prefetch_speculation_enable
                0x0000000000006e10       0x76 drivers\fsl_flash.o
                0x0000000000006e10                mscm_flash_prefetch_speculation_enable
 .text.flash_cache_clear
                0x0000000000006e86       0x1e drivers\fsl_flash.o
                0x0000000000006e86                flash_cache_clear
 .text.flash_cache_clear_process
                0x0000000000006ea4       0x5a drivers\fsl_flash.o
 .text.flash_check_execute_in_ram_function_info
                0x0000000000006efe       0x40 drivers\fsl_flash.o
 .text.flash_check_range
                0x0000000000006f3e       0x80 drivers\fsl_flash.o
 .text.flash_get_matched_operation_info
                0x0000000000006fbe       0xd4 drivers\fsl_flash.o
 .text.GPIO_WritePinOutput
                0x0000000000007092       0x44 drivers\fsl_gpio.o
 .text.GPIO_PinInit
                0x00000000000070d6       0x98 drivers\fsl_gpio.o
                0x00000000000070d6                GPIO_PinInit
 .text.CLOCK_EnableClock
                0x000000000000716e       0x52 drivers\fsl_intmux.o
 .text.EnableIRQ
                0x00000000000071c0       0x54 drivers\fsl_intmux.o
 .text.INTMUX_ResetChannel
                0x0000000000007214       0x64 drivers\fsl_intmux.o
 .text.INTMUX_GetInstance
                0x0000000000007278       0x66 drivers\fsl_intmux.o
 .text.INTMUX_CommonIRQHandler
                0x00000000000072de       0x54 drivers\fsl_intmux.o
 .text.INTMUX_Init
                0x0000000000007332       0x78 drivers\fsl_intmux.o
                0x0000000000007332                INTMUX_Init
 .text.INTMUX0_0_DriverIRQHandler
                0x00000000000073aa       0x1a drivers\fsl_intmux.o
                0x00000000000073aa                INTMUX0_0_DriverIRQHandler
 .text.INTMUX0_1_DriverIRQHandler
                0x00000000000073c4       0x1a drivers\fsl_intmux.o
                0x00000000000073c4                INTMUX0_1_DriverIRQHandler
 .text.INTMUX0_2_DriverIRQHandler
                0x00000000000073de       0x1a drivers\fsl_intmux.o
                0x00000000000073de                INTMUX0_2_DriverIRQHandler
 .text.INTMUX0_3_DriverIRQHandler
                0x00000000000073f8       0x1a drivers\fsl_intmux.o
                0x00000000000073f8                INTMUX0_3_DriverIRQHandler
 .text.INTMUX0_4_DriverIRQHandler
                0x0000000000007412       0x1a drivers\fsl_intmux.o
                0x0000000000007412                INTMUX0_4_DriverIRQHandler
 .text.INTMUX0_5_DriverIRQHandler
                0x000000000000742c       0x1a drivers\fsl_intmux.o
                0x000000000000742c                INTMUX0_5_DriverIRQHandler
 .text.INTMUX0_6_DriverIRQHandler
                0x0000000000007446       0x1a drivers\fsl_intmux.o
                0x0000000000007446                INTMUX0_6_DriverIRQHandler
 .text.INTMUX0_7_DriverIRQHandler
                0x0000000000007460       0x1a drivers\fsl_intmux.o
                0x0000000000007460                INTMUX0_7_DriverIRQHandler
 .text.CLOCK_EnableClock
                0x000000000000747a       0x52 drivers\fsl_lpadc.o
 .text.LPADC_Enable
                0x00000000000074cc       0x40 drivers\fsl_lpadc.o
 .text.LPADC_DoResetFIFO
                0x000000000000750c       0x22 drivers\fsl_lpadc.o
 .text.LPADC_DoResetConfig
                0x000000000000752e       0x32 drivers\fsl_lpadc.o
 .text.LPADC_GetConvResultCount
                0x0000000000007560       0x1c drivers\fsl_lpadc.o
 .text.LPADC_DoSoftwareTrigger
                0x000000000000757c       0x20 drivers\fsl_lpadc.o
 .text.LPADC_SetOffsetValue
                0x000000000000759c       0x24 drivers\fsl_lpadc.o
 .text.LPADC_GetInstance
                0x00000000000075c0       0x66 drivers\fsl_lpadc.o
 .text.LPADC_Init
                0x0000000000007626      0x16a drivers\fsl_lpadc.o
                0x0000000000007626                LPADC_Init
 .text.LPADC_GetDefaultConfig
                0x0000000000007790       0x6e drivers\fsl_lpadc.o
                0x0000000000007790                LPADC_GetDefaultConfig
 .text.LPADC_GetConvResult
                0x00000000000077fe       0x9a drivers\fsl_lpadc.o
                0x00000000000077fe                LPADC_GetConvResult
 .text.LPADC_SetConvTriggerConfig
                0x0000000000007898       0xce drivers\fsl_lpadc.o
                0x0000000000007898                LPADC_SetConvTriggerConfig
 .text.LPADC_GetDefaultConvTriggerConfig
                0x0000000000007966       0x5c drivers\fsl_lpadc.o
                0x0000000000007966                LPADC_GetDefaultConvTriggerConfig
 .text.LPADC_SetConvCommandConfig
                0x00000000000079c2      0x198 drivers\fsl_lpadc.o
                0x00000000000079c2                LPADC_SetConvCommandConfig
 .text.LPADC_GetDefaultConvCommandConfig
                0x0000000000007b5a       0x8c drivers\fsl_lpadc.o
                0x0000000000007b5a                LPADC_GetDefaultConvCommandConfig
 .text.LPADC_EnableCalibration
                0x0000000000007be6       0x5a drivers\fsl_lpadc.o
                0x0000000000007be6                LPADC_EnableCalibration
 .text.LPADC_DoAutoCalibration
                0x0000000000007c40      0x112 drivers\fsl_lpadc.o
                0x0000000000007c40                LPADC_DoAutoCalibration
 .text.CLOCK_EnableClock
                0x0000000000007d52       0x52 drivers\fsl_lpspi.o
 .text.EnableIRQ
                0x0000000000007da4       0x54 drivers\fsl_lpspi.o
 .text.LPSPI_Enable
                0x0000000000007df8       0x40 drivers\fsl_lpspi.o
 .text.LPSPI_GetStatusFlags
                0x0000000000007e38       0x18 drivers\fsl_lpspi.o
 .text.LPSPI_GetRxFifoSize
                0x0000000000007e50       0x24 drivers\fsl_lpspi.o
 .text.LPSPI_GetTxFifoCount
                0x0000000000007e74       0x1c drivers\fsl_lpspi.o
 .text.LPSPI_GetRxFifoCount
                0x0000000000007e90       0x1e drivers\fsl_lpspi.o
 .text.LPSPI_ClearStatusFlags
                0x0000000000007eae       0x20 drivers\fsl_lpspi.o
 .text.LPSPI_EnableInterrupts
                0x0000000000007ece       0x28 drivers\fsl_lpspi.o
 .text.LPSPI_DisableInterrupts
                0x0000000000007ef6       0x2c drivers\fsl_lpspi.o
 .text.LPSPI_SetMasterSlaveMode
                0x0000000000007f22       0x32 drivers\fsl_lpspi.o
 .text.LPSPI_IsMaster
                0x0000000000007f54       0x24 drivers\fsl_lpspi.o
 .text.LPSPI_FlushFifo
                0x0000000000007f78       0x3e drivers\fsl_lpspi.o
 .text.LPSPI_SetFifoWatermarks
                0x0000000000007fb6       0x38 drivers\fsl_lpspi.o
 .text.LPSPI_WriteData
                0x0000000000007fee       0x20 drivers\fsl_lpspi.o
 .text.LPSPI_ReadData
                0x000000000000800e       0x18 drivers\fsl_lpspi.o
 .text.GPIO_SetPinsOutput
                0x0000000000008026       0x20 drivers\fsl_lpspi.o
 .text.GPIO_ClearPinsOutput
                0x0000000000008046       0x20 drivers\fsl_lpspi.o
 .text.LPSPI_GetInstance
                0x0000000000008066       0x80 drivers\fsl_lpspi.o
                0x0000000000008066                LPSPI_GetInstance
 .text.LPSPI_SetDummyData
                0x00000000000080e6       0x3c drivers\fsl_lpspi.o
                0x00000000000080e6                LPSPI_SetDummyData
 .text.LPSPI_MasterInit
                0x0000000000008122      0x1b4 drivers\fsl_lpspi.o
                0x0000000000008122                LPSPI_MasterInit
 .text.LPSPI_MasterGetDefaultConfig
                0x00000000000082d6       0xde drivers\fsl_lpspi.o
                0x00000000000082d6                LPSPI_MasterGetDefaultConfig
 .text.LPSPI_Reset
                0x00000000000083b4       0x3a drivers\fsl_lpspi.o
                0x00000000000083b4                LPSPI_Reset
 .text.LPSPI_SetOnePcsPolarity
                0x00000000000083ee       0x5a drivers\fsl_lpspi.o
 .text.LPSPI_MasterSetBaudRate
                0x0000000000008448      0x168 drivers\fsl_lpspi.o
                0x0000000000008448                LPSPI_MasterSetBaudRate
 .text.LPSPI_MasterSetDelayScaler
                0x00000000000085b0       0xba drivers\fsl_lpspi.o
                0x00000000000085b0                LPSPI_MasterSetDelayScaler
 .text.LPSPI_MasterSetDelayTimes
                0x000000000000866a      0x352 drivers\fsl_lpspi.o
                0x000000000000866a                LPSPI_MasterSetDelayTimes
 .text.LPSPI_MasterTransferCreateHandle
                0x00000000000089bc       0x96 drivers\fsl_lpspi.o
                0x00000000000089bc                LPSPI_MasterTransferCreateHandle
 .text.LPSPI_CheckTransferArgument
                0x0000000000008a52       0xb4 drivers\fsl_lpspi.o
                0x0000000000008a52                LPSPI_CheckTransferArgument
 .text.LPSPI_MasterTransferNonBlocking
                0x0000000000008b06      0x3f0 drivers\fsl_lpspi.o
                0x0000000000008b06                LPSPI_MasterTransferNonBlocking
 .text.LPSPI_MasterTransferFillUpTxFifo
                0x0000000000008ef6      0x1a2 drivers\fsl_lpspi.o
 .text.LPSPI_MasterTransferComplete
                0x0000000000009098       0x78 drivers\fsl_lpspi.o
 .text.LPSPI_MasterTransferHandleIRQ
                0x0000000000009110      0x24e drivers\fsl_lpspi.o
                0x0000000000009110                LPSPI_MasterTransferHandleIRQ
 .text.LPSPI_CombineWriteData
                0x000000000000935e      0x2cc drivers\fsl_lpspi.o
 .text.LPSPI_SeparateReadData
                0x000000000000962a      0x2c6 drivers\fsl_lpspi.o
 .text.LPSPI_CommonIRQHandler
                0x00000000000098f0       0x4c drivers\fsl_lpspi.o
 .text.LPSPI0_DriverIRQHandler
                0x000000000000993c       0x4e drivers\fsl_lpspi.o
                0x000000000000993c                LPSPI0_DriverIRQHandler
 .text.LPSPI1_DriverIRQHandler
                0x000000000000998a       0x52 drivers\fsl_lpspi.o
                0x000000000000998a                LPSPI1_DriverIRQHandler
 .text.LPSPI2_DriverIRQHandler
                0x00000000000099dc       0x52 drivers\fsl_lpspi.o
                0x00000000000099dc                LPSPI2_DriverIRQHandler
 .text.LPSPI3_DriverIRQHandler
                0x0000000000009a2e       0x52 drivers\fsl_lpspi.o
                0x0000000000009a2e                LPSPI3_DriverIRQHandler
 .text.LPSPI_RTOS_Callback
                0x0000000000009a80       0x46 drivers\fsl_lpspi_freertos.o
 .text.LPSPI_RTOS_Init
                0x0000000000009ac6       0xc8 drivers\fsl_lpspi_freertos.o
                0x0000000000009ac6                LPSPI_RTOS_Init
 .text.LPSPI_RTOS_Transfer
                0x0000000000009b8e       0x9c drivers\fsl_lpspi_freertos.o
                0x0000000000009b8e                LPSPI_RTOS_Transfer
 .text.LPTMR_Init
                0x0000000000009c2a       0xb0 drivers\fsl_lptmr.o
                0x0000000000009c2a                LPTMR_Init
 .text.LPTMR_GetDefaultConfig
                0x0000000000009cda       0x78 drivers\fsl_lptmr.o
                0x0000000000009cda                LPTMR_GetDefaultConfig
 .text.CLOCK_EnableClock
                0x0000000000009d52       0x52 drivers\fsl_lpuart.o
 .text.LPUART_SoftwareReset
                0x0000000000009da4       0x32 drivers\fsl_lpuart.o
 .text.LPUART_GetInstance
                0x0000000000009dd6       0x7c drivers\fsl_lpuart.o
                0x0000000000009dd6                LPUART_GetInstance
 .text.LPUART_Init
                0x0000000000009e52      0x4a4 drivers\fsl_lpuart.o
                0x0000000000009e52                LPUART_Init
 .text.LPUART_GetDefaultConfig
                0x000000000000a2f6       0xb8 drivers\fsl_lpuart.o
                0x000000000000a2f6                LPUART_GetDefaultConfig
 .text.LPUART_SetBaudRate
                0x000000000000a3ae      0x1fa drivers\fsl_lpuart.o
                0x000000000000a3ae                LPUART_SetBaudRate
 .text.LPUART_EnableInterrupts
                0x000000000000a5a8       0x6e drivers\fsl_lpuart.o
                0x000000000000a5a8                LPUART_EnableInterrupts
 .text.LPUART_DisableInterrupts
                0x000000000000a616       0x7a drivers\fsl_lpuart.o
                0x000000000000a616                LPUART_DisableInterrupts
 .text.LPUART_GetEnabledInterrupts
                0x000000000000a690       0x52 drivers\fsl_lpuart.o
                0x000000000000a690                LPUART_GetEnabledInterrupts
 .text.LPUART_GetStatusFlags
                0x000000000000a6e2       0x36 drivers\fsl_lpuart.o
                0x000000000000a6e2                LPUART_GetStatusFlags
 .text.LPUART_ClearStatusFlags
                0x000000000000a718       0xf8 drivers\fsl_lpuart.o
                0x000000000000a718                LPUART_ClearStatusFlags
 .text.LPUART_WriteBlocking
                0x000000000000a810       0x7a drivers\fsl_lpuart.o
                0x000000000000a810                LPUART_WriteBlocking
 .text.LPUART_ReadBlocking
                0x000000000000a88a      0x174 drivers\fsl_lpuart.o
                0x000000000000a88a                LPUART_ReadBlocking
 .text.CLOCK_EnableClock
                0x000000000000a9fe       0x52 drivers\fsl_mu.o
 .text.MU_GetInstance
                0x000000000000aa50       0x66 drivers\fsl_mu.o
 .text.MU_Init  0x000000000000aab6       0x2c drivers\fsl_mu.o
                0x000000000000aab6                MU_Init
 .text.MU_SendMsg
                0x000000000000aae2       0x74 drivers\fsl_mu.o
                0x000000000000aae2                MU_SendMsg
 .text.MU_BootCoreB
                0x000000000000ab56       0x5c drivers\fsl_mu.o
                0x000000000000ab56                MU_BootCoreB
 .text.MU_HardwareResetOtherCore
                0x000000000000abb2       0xc2 drivers\fsl_mu.o
                0x000000000000abb2                MU_HardwareResetOtherCore
 .text.RTC_Reset
                0x000000000000ac74       0x3a drivers\fsl_rtc.o
 .text.RTC_CheckDatetimeFormat
                0x000000000000acae      0x146 drivers\fsl_rtc.o
 .text.RTC_ConvertDatetimeToSeconds
                0x000000000000adf4      0x168 drivers\fsl_rtc.o
 .text.RTC_ConvertSecondsToDatetime
                0x000000000000af5c      0x1e6 drivers\fsl_rtc.o
 .text.RTC_Init
                0x000000000000b142       0xf4 drivers\fsl_rtc.o
                0x000000000000b142                RTC_Init
 .text.RTC_GetDefaultConfig
                0x000000000000b236       0x64 drivers\fsl_rtc.o
                0x000000000000b236                RTC_GetDefaultConfig
 .text.RTC_SetDatetime
                0x000000000000b29a       0x6a drivers\fsl_rtc.o
                0x000000000000b29a                RTC_SetDatetime
 .text.RTC_GetDatetime
                0x000000000000b304       0x5a drivers\fsl_rtc.o
                0x000000000000b304                RTC_GetDatetime
 .text.RTC_GetStatusFlags
                0x000000000000b35e      0x130 drivers\fsl_rtc.o
                0x000000000000b35e                RTC_GetStatusFlags
 .text.RTC_ClearStatusFlags
                0x000000000000b48e       0xaa drivers\fsl_rtc.o
                0x000000000000b48e                RTC_ClearStatusFlags
 .text.CLOCK_EnableClock
                0x000000000000b538       0x52 drivers\fsl_tpm.o
 .text.TPM_Reset
                0x000000000000b58a       0x32 drivers\fsl_tpm.o
 .text.TPM_GetInstance
                0x000000000000b5bc       0x86 drivers\fsl_tpm.o
 .text.TPM_Init
                0x000000000000b642      0x148 drivers\fsl_tpm.o
                0x000000000000b642                TPM_Init
 .text.TPM_SetupOutputCompare
                0x000000000000b78a      0x142 drivers\fsl_tpm.o
                0x000000000000b78a                TPM_SetupOutputCompare
 .text.TPM_EnableInterrupts
                0x000000000000b8cc       0x8a drivers\fsl_tpm.o
                0x000000000000b8cc                TPM_EnableInterrupts
 .text.CLOCK_EnableClock
                0x000000000000b956       0x52 drivers\fsl_trng.o
 .text.trng_GetInstance
                0x000000000000b9a8       0x66 drivers\fsl_trng.o
 .text.TRNG_GetDefaultConfig
                0x000000000000ba0e      0x13e drivers\fsl_trng.o
                0x000000000000ba0e                TRNG_GetDefaultConfig
 .text.trng_SetRetryCount
                0x000000000000bb4c       0x5c drivers\fsl_trng.o
 .text.trng_SetStatisticalCheckLimit
                0x000000000000bba8      0x3e8 drivers\fsl_trng.o
 .text.trng_ApplyUserConfig
                0x000000000000bf90      0x226 drivers\fsl_trng.o
 .text.trng_ReadEntropy
                0x000000000000c1b6       0x4c drivers\fsl_trng.o
 .text.TRNG_Init
                0x000000000000c202       0xd8 drivers\fsl_trng.o
                0x000000000000c202                TRNG_Init
 .text.TRNG_GetRandomData
                0x000000000000c2da      0x130 drivers\fsl_trng.o
                0x000000000000c2da                TRNG_GetRandomData
 .text.FLib_MemCpy
                0x000000000000c40a       0x2e framework\FunctionLib\FunctionLib.o
                0x000000000000c40a                FLib_MemCpy
 .text.FLib_MemCpyReverseOrder
                0x000000000000c438       0x66 framework\FunctionLib\FunctionLib.o
                0x000000000000c438                FLib_MemCpyReverseOrder
 .text.FLib_MemCmp
                0x000000000000c49e       0x40 framework\FunctionLib\FunctionLib.o
                0x000000000000c49e                FLib_MemCmp
 .text.FLib_MemCmpToVal
                0x000000000000c4de       0x4a framework\FunctionLib\FunctionLib.o
                0x000000000000c4de                FLib_MemCmpToVal
 .text.FLib_MemSet
                0x000000000000c528       0x32 framework\FunctionLib\FunctionLib.o
                0x000000000000c528                FLib_MemSet
 .text.PORT_GetPinsInterruptFlags
                0x000000000000c55a       0x1a framework\GPIO\Source\GPIO_Adapter.o
 .text.Gpio_IsrHandle
                0x000000000000c574       0xcc framework\GPIO\Source\GPIO_Adapter.o
                0x000000000000c574                Gpio_IsrHandle
 .text.PORTA_IRQHandler
                0x000000000000c640       0x24 framework\GPIO\Source\GPIO_Adapter.o
                0x000000000000c640                PORTA_IRQHandler
 .text.PORTB_IRQHandler
                0x000000000000c664       0x28 framework\GPIO\Source\GPIO_Adapter.o
                0x000000000000c664                PORTB_IRQHandler
 .text.PORTC_IRQHandler
                0x000000000000c68c       0x28 framework\GPIO\Source\GPIO_Adapter.o
                0x000000000000c68c                PORTC_IRQHandler
 .text.PORTD_IRQHandler
                0x000000000000c6b4       0x28 framework\GPIO\Source\GPIO_Adapter.o
                0x000000000000c6b4                PORTD_IRQHandler
 .text.PORTE_IRQHandler
                0x000000000000c6dc       0x28 framework\GPIO\Source\GPIO_Adapter.o
                0x000000000000c6dc                PORTE_IRQHandler
 .text.ListInit
                0x000000000000c704       0x3e framework\Lists\GenericList.o
                0x000000000000c704                ListInit
 .text.ListAddTail
                0x000000000000c742       0xaa framework\Lists\GenericList.o
                0x000000000000c742                ListAddTail
 .text.ListAddHead
                0x000000000000c7ec       0xaa framework\Lists\GenericList.o
                0x000000000000c7ec                ListAddHead
 .text.ListRemoveHead
                0x000000000000c896       0x8c framework\Lists\GenericList.o
                0x000000000000c896                ListRemoveHead
 .text.MEM_Init
                0x000000000000c922      0x11c framework\MemManager\Source\MemManager.o
                0x000000000000c922                MEM_Init
 .text.MEM_BufferAllocWithId
                0x000000000000ca3e       0xf0 framework\MemManager\Source\MemManager.o
                0x000000000000ca3e                MEM_BufferAllocWithId
 .text.MEM_BufferFree
                0x000000000000cb2e       0xde framework\MemManager\Source\MemManager.o
                0x000000000000cb2e                MEM_BufferFree
 .text.MEM_CallocAlt
                0x000000000000cc0c       0x62 framework\MemManager\Source\MemManager.o
                0x000000000000cc0c                MEM_CallocAlt
 .text.MEM_FreeAlt
                0x000000000000cc6e       0x1e framework\MemManager\Source\MemManager.o
                0x000000000000cc6e                MEM_FreeAlt
 .text.ListAddTailMsg
                0x000000000000cc8c       0x32 framework\Messaging\Source\Messaging.o
                0x000000000000cc8c                ListAddTailMsg
 .text.ListAddHeadMsg
                0x000000000000ccbe       0x32 framework\Messaging\Source\Messaging.o
                0x000000000000ccbe                ListAddHeadMsg
 .text.ListRemoveHeadMsg
                0x000000000000ccf0       0x34 framework\Messaging\Source\Messaging.o
                0x000000000000ccf0                ListRemoveHeadMsg
 .text.startup_task
                0x000000000000cd24       0x16 framework\OSAbstraction\fsl_os_abstraction_free_rtos.o
                0x000000000000cd24                startup_task
 .text.OSA_TaskGetId
                0x000000000000cd3a       0x18 framework\OSAbstraction\fsl_os_abstraction_free_rtos.o
                0x000000000000cd3a                OSA_TaskGetId
 .text.OSA_TaskCreate
                0x000000000000cd52       0x5e framework\OSAbstraction\fsl_os_abstraction_free_rtos.o
                0x000000000000cd52                OSA_TaskCreate
 .text.OSA_SemaphoreCreate
                0x000000000000cdb0       0x2a framework\OSAbstraction\fsl_os_abstraction_free_rtos.o
                0x000000000000cdb0                OSA_SemaphoreCreate
 .text.OSA_SemaphoreWait
                0x000000000000cdda       0x6e framework\OSAbstraction\fsl_os_abstraction_free_rtos.o
                0x000000000000cdda                OSA_SemaphoreWait
 .text.OSA_SemaphorePost
                0x000000000000ce48       0x8e framework\OSAbstraction\fsl_os_abstraction_free_rtos.o
                0x000000000000ce48                OSA_SemaphorePost
 .text.OSA_MutexCreate
                0x000000000000ced6       0x20 framework\OSAbstraction\fsl_os_abstraction_free_rtos.o
                0x000000000000ced6                OSA_MutexCreate
 .text.OSA_MutexLock
                0x000000000000cef6       0x8a framework\OSAbstraction\fsl_os_abstraction_free_rtos.o
                0x000000000000cef6                OSA_MutexLock
 .text.OSA_MutexUnlock
                0x000000000000cf80       0x5e framework\OSAbstraction\fsl_os_abstraction_free_rtos.o
                0x000000000000cf80                OSA_MutexUnlock
 .text.OSA_EventCreate
                0x000000000000cfde       0x78 framework\OSAbstraction\fsl_os_abstraction_free_rtos.o
                0x000000000000cfde                OSA_EventCreate
 .text.OSA_EventSet
                0x000000000000d056       0xa8 framework\OSAbstraction\fsl_os_abstraction_free_rtos.o
                0x000000000000d056                OSA_EventSet
 .text.OSA_EventWait
                0x000000000000d0fe       0xde framework\OSAbstraction\fsl_os_abstraction_free_rtos.o
                0x000000000000d0fe                OSA_EventWait
 .text.OSA_InterruptEnable
                0x000000000000d1dc       0x5a framework\OSAbstraction\fsl_os_abstraction_free_rtos.o
                0x000000000000d1dc                OSA_InterruptEnable
 .text.OSA_InterruptDisable
                0x000000000000d236       0x66 framework\OSAbstraction\fsl_os_abstraction_free_rtos.o
                0x000000000000d236                OSA_InterruptDisable
 .text.main     0x000000000000d29c       0x2a framework\OSAbstraction\fsl_os_abstraction_free_rtos.o
                0x000000000000d29c                main
 .text.osObjectAlloc
                0x000000000000d2c6       0x62 framework\OSAbstraction\fsl_os_abstraction_free_rtos.o
 .text.osObjectIsAllocated
                0x000000000000d328       0x6c framework\OSAbstraction\fsl_os_abstraction_free_rtos.o
 .text.osObjectFree
                0x000000000000d394       0x64 framework\OSAbstraction\fsl_os_abstraction_free_rtos.o
 .text.panic    0x000000000000d3f8       0x1e framework\Panic\Source\Panic.o
                0x000000000000d3f8                panic
 .text.RNG_Init
                0x000000000000d416       0xc8 framework\RNG\Source\RNG_mbedTLS.o
                0x000000000000d416                RNG_Init
 .text.RNG_SetPseudoRandomNoSeed
                0x000000000000d4de       0xc2 framework\RNG\Source\RNG_mbedTLS.o
                0x000000000000d4de                RNG_SetPseudoRandomNoSeed
 .text.RNG_GetPseudoRandomNo
                0x000000000000d5a0       0xb2 framework\RNG\Source\RNG_mbedTLS.o
                0x000000000000d5a0                RNG_GetPseudoRandomNo
 .text.RNG_GetPrngFunc
                0x000000000000d652       0x26 framework\RNG\Source\RNG_mbedTLS.o
                0x000000000000d652                RNG_GetPrngFunc
 .text.RNG_GetPrngContext
                0x000000000000d678       0x26 framework\RNG\Source\RNG_mbedTLS.o
                0x000000000000d678                RNG_GetPrngContext
 .text.RNG_entropy_func
                0x000000000000d69e       0xdc framework\RNG\Source\RNG_mbedTLS.o
 .text.SecLib_InitHardwareConnectivity
                0x000000000000d77a      0x198 framework\SecLib\SecLib_mbedTLS.o
                0x000000000000d77a                SecLib_InitHardwareConnectivity
 .text.SecLib_Init
                0x000000000000d912       0x16 framework\SecLib\SecLib_mbedTLS.o
                0x000000000000d912                SecLib_Init
 .text.AES_128_Encrypt
                0x000000000000d928       0x7e framework\SecLib\SecLib_mbedTLS.o
                0x000000000000d928                AES_128_Encrypt
 .text.AES_128_CMAC
                0x000000000000d9a6       0x66 framework\SecLib\SecLib_mbedTLS.o
                0x000000000000d9a6                AES_128_CMAC
 .text.AES_128_CMAC_LsbFirstInput
                0x000000000000da0c      0x140 framework\SecLib\SecLib_mbedTLS.o
                0x000000000000da0c                AES_128_CMAC_LsbFirstInput
 .text.SecLib_XorN
                0x000000000000db4c       0x60 framework\SecLib\SecLib_mbedTLS.o
                0x000000000000db4c                SecLib_XorN
 .text.SHA256_Hash
                0x000000000000dbac       0x4e framework\SecLib\SecLib_mbedTLS.o
                0x000000000000dbac                SHA256_Hash
 .text.ECDH_P256_GenerateKeys
                0x000000000000dbfa      0x178 framework\SecLib\SecLib_mbedTLS.o
                0x000000000000dbfa                ECDH_P256_GenerateKeys
 .text.ECDH_P256_ComputeDhKey
                0x000000000000dd72      0x1e6 framework\SecLib\SecLib_mbedTLS.o
                0x000000000000dd72                ECDH_P256_ComputeDhKey
 .text.SerialManager_Init
                0x000000000000df58       0x8e framework\SerialManager\Source\SerialManager.o
                0x000000000000df58                SerialManager_Init
 .text.SerialManagerTask
                0x000000000000dfe6      0x18c framework\SerialManager\Source\SerialManager.o
                0x000000000000dfe6                SerialManagerTask
 .text.Serial_InitInterface
                0x000000000000e172      0x1ba framework\SerialManager\Source\SerialManager.o
                0x000000000000e172                Serial_InitInterface
 .text.Serial_AsyncWrite
                0x000000000000e32c      0x1d0 framework\SerialManager\Source\SerialManager.o
                0x000000000000e32c                Serial_AsyncWrite
 .text.Serial_SyncWrite
                0x000000000000e4fc       0xe6 framework\SerialManager\Source\SerialManager.o
                0x000000000000e4fc                Serial_SyncWrite
 .text.Serial_Read
                0x000000000000e5e2      0x128 framework\SerialManager\Source\SerialManager.o
                0x000000000000e5e2                Serial_Read
 .text.Serial_RxBufferByteCount
                0x000000000000e70a      0x122 framework\SerialManager\Source\SerialManager.o
                0x000000000000e70a                Serial_RxBufferByteCount
 .text.Serial_SetRxCallBack
                0x000000000000e82c       0x6a framework\SerialManager\Source\SerialManager.o
                0x000000000000e82c                Serial_SetRxCallBack
 .text.Serial_SetBaudRate
                0x000000000000e896       0x8c framework\SerialManager\Source\SerialManager.o
                0x000000000000e896                Serial_SetBaudRate
 .text.Serial_Print
                0x000000000000e922       0x7e framework\SerialManager\Source\SerialManager.o
                0x000000000000e922                Serial_Print
 .text.Serial_PrintDec
                0x000000000000e9a0       0xb6 framework\SerialManager\Source\SerialManager.o
                0x000000000000e9a0                Serial_PrintDec
 .text.Serial_WriteInternal
                0x000000000000ea56      0x120 framework\SerialManager\Source\SerialManager.o
 .text.SerialManager_RxNotify
                0x000000000000eb76       0xfa framework\SerialManager\Source\SerialManager.o
                0x000000000000eb76                SerialManager_RxNotify
 .text.SerialManager_TxNotify
                0x000000000000ec70      0x108 framework\SerialManager\Source\SerialManager.o
                0x000000000000ec70                SerialManager_TxNotify
 .text.Serial_TxQueueMaintenance
                0x000000000000ed78      0x182 framework\SerialManager\Source\SerialManager.o
 .text.Serial_SyncTxCallback
                0x000000000000eefa       0x24 framework\SerialManager\Source\SerialManager.o
 .text.Serial_UartRxCb
                0x000000000000ef1e       0x6a framework\SerialManager\Source\SerialManager.o
 .text.Serial_UartTxCb
                0x000000000000ef88       0x22 framework\SerialManager\Source\SerialManager.o
 .text.EnableIRQ
                0x000000000000efaa       0x54 framework\SerialManager\Source\UART_Adapter.o
 .text.LPUART_WriteByte
                0x000000000000effe       0x22 framework\SerialManager\Source\UART_Adapter.o
 .text.LPUART_ReadByte
                0x000000000000f020       0x82 framework\SerialManager\Source\UART_Adapter.o
 .text.INTMUX_EnableInterrupt
                0x000000000000f0a2       0x9e framework\SerialManager\Source\UART_Adapter.o
 .text.LPUART_Initialize
                0x000000000000f140      0x156 framework\SerialManager\Source\UART_Adapter.o
                0x000000000000f140                LPUART_Initialize
 .text.LPUART_SetBaudrate
                0x000000000000f296       0x60 framework\SerialManager\Source\UART_Adapter.o
                0x000000000000f296                LPUART_SetBaudrate
 .text.LPUART_SendData
                0x000000000000f2f6       0xf6 framework\SerialManager\Source\UART_Adapter.o
                0x000000000000f2f6                LPUART_SendData
 .text.LPUART_InstallRxCalback
                0x000000000000f3ec       0x64 framework\SerialManager\Source\UART_Adapter.o
                0x000000000000f3ec                LPUART_InstallRxCalback
 .text.LPUART_InstallTxCalback
                0x000000000000f450       0x64 framework\SerialManager\Source\UART_Adapter.o
                0x000000000000f450                LPUART_InstallTxCalback
 .text.LPUART_IsTxActive
                0x000000000000f4b4       0x72 framework\SerialManager\Source\UART_Adapter.o
                0x000000000000f4b4                LPUART_IsTxActive
 .text.LPUART_Common_ISR
                0x000000000000f526      0x1c2 framework\SerialManager\Source\UART_Adapter.o
 .text.LPUART0_IRQHandler
                0x000000000000f6e8       0x18 framework\SerialManager\Source\UART_Adapter.o
                0x000000000000f6e8                LPUART0_IRQHandler
 .text.LPUART1_IRQHandler
                0x000000000000f700       0x18 framework\SerialManager\Source\UART_Adapter.o
                0x000000000000f700                LPUART1_IRQHandler
 .text.LPUART2_IRQHandler
                0x000000000000f718       0x18 framework\SerialManager\Source\UART_Adapter.o
                0x000000000000f718                LPUART2_IRQHandler
 .text.LPUART3_IRQHandler
                0x000000000000f730       0x18 framework\SerialManager\Source\UART_Adapter.o
                0x000000000000f730                LPUART3_IRQHandler
 .text.EnableIRQ
                0x000000000000f748       0x54 framework\TimersManager\Source\TMR_Adapter.o
 .text.TPM_GetStatusFlags
                0x000000000000f79c       0x18 framework\TimersManager\Source\TMR_Adapter.o
 .text.TPM_ClearStatusFlags
                0x000000000000f7b4       0x20 framework\TimersManager\Source\TMR_Adapter.o
 .text.TPM_StartTimer
                0x000000000000f7d4       0x4a framework\TimersManager\Source\TMR_Adapter.o
 .text.TPM_StopTimer
                0x000000000000f81e       0x2e framework\TimersManager\Source\TMR_Adapter.o
 .text.TPM0_IRQHandler
                0x000000000000f84c       0x1c framework\TimersManager\Source\TMR_Adapter.o
                0x000000000000f84c                TPM0_IRQHandler
 .text.TPM1_IRQHandler
                0x000000000000f868       0x1e framework\TimersManager\Source\TMR_Adapter.o
                0x000000000000f868                TPM1_IRQHandler
 .text.TPM2_IRQHandler
                0x000000000000f886       0x1e framework\TimersManager\Source\TMR_Adapter.o
                0x000000000000f886                TPM2_IRQHandler
 .text.TPM3_IRQHandler
                0x000000000000f8a4       0x1e framework\TimersManager\Source\TMR_Adapter.o
                0x000000000000f8a4                TPM3_IRQHandler
 .text.StackTimer_Init
                0x000000000000f8c2       0x86 framework\TimersManager\Source\TMR_Adapter.o
                0x000000000000f8c2                StackTimer_Init
 .text.StackTimer_Enable
                0x000000000000f948       0x22 framework\TimersManager\Source\TMR_Adapter.o
                0x000000000000f948                StackTimer_Enable
 .text.StackTimer_Disable
                0x000000000000f96a       0x20 framework\TimersManager\Source\TMR_Adapter.o
                0x000000000000f96a                StackTimer_Disable
 .text.StackTimer_GetInputFrequency
                0x000000000000f98a       0x42 framework\TimersManager\Source\TMR_Adapter.o
                0x000000000000f98a                StackTimer_GetInputFrequency
 .text.StackTimer_GetCounterValue
                0x000000000000f9cc       0x24 framework\TimersManager\Source\TMR_Adapter.o
                0x000000000000f9cc                StackTimer_GetCounterValue
 .text.StackTimer_SetOffsetTicks
                0x000000000000f9f0       0x2c framework\TimersManager\Source\TMR_Adapter.o
                0x000000000000f9f0                StackTimer_SetOffsetTicks
 .text.StackTimer_ClearIntFlag
                0x000000000000fa1c       0x3a framework\TimersManager\Source\TMR_Adapter.o
                0x000000000000fa1c                StackTimer_ClearIntFlag
 .text.TMR_GetTimerStatus
                0x000000000000fa56       0x2e framework\TimersManager\Source\TimersManager.o
 .text.TMR_SetTimerStatus
                0x000000000000fa84       0x5a framework\TimersManager\Source\TimersManager.o
 .text.TMR_GetTimerType
                0x000000000000fade       0x2e framework\TimersManager\Source\TimersManager.o
 .text.TMR_SetTimerType
                0x000000000000fb0c       0x5a framework\TimersManager\Source\TimersManager.o
 .text.TmrTicksFromMilliseconds
                0x000000000000fb66       0x58 framework\TimersManager\Source\TimersManager.o
                0x000000000000fb66                TmrTicksFromMilliseconds
 .text.TMR_Init
                0x000000000000fbbe       0x90 framework\TimersManager\Source\TimersManager.o
                0x000000000000fbbe                TMR_Init
 .text.TMR_NotifyClkChanged
                0x000000000000fc4e       0x54 framework\TimersManager\Source\TimersManager.o
                0x000000000000fc4e                TMR_NotifyClkChanged
 .text.TMR_AllocateTimer
                0x000000000000fca2       0x66 framework\TimersManager\Source\TimersManager.o
                0x000000000000fca2                TMR_AllocateTimer
 .text.TMR_FreeTimer
                0x000000000000fd08       0x40 framework\TimersManager\Source\TimersManager.o
                0x000000000000fd08                TMR_FreeTimer
 .text.StackTimer_ISR
                0x000000000000fd48       0x26 framework\TimersManager\Source\TimersManager.o
                0x000000000000fd48                StackTimer_ISR
 .text.TMR_IsTimerActive
                0x000000000000fd6e       0x2e framework\TimersManager\Source\TimersManager.o
                0x000000000000fd6e                TMR_IsTimerActive
 .text.TMR_IsTimerReady
                0x000000000000fd9c       0x30 framework\TimersManager\Source\TimersManager.o
                0x000000000000fd9c                TMR_IsTimerReady
 .text.TMR_StartTimer
                0x000000000000fdcc      0x106 framework\TimersManager\Source\TimersManager.o
                0x000000000000fdcc                TMR_StartTimer
 .text.TMR_StartLowPowerTimer
                0x000000000000fed2       0x4e framework\TimersManager\Source\TimersManager.o
                0x000000000000fed2                TMR_StartLowPowerTimer
 .text.TMR_StopTimer
                0x000000000000ff20       0xf8 framework\TimersManager\Source\TimersManager.o
                0x000000000000ff20                TMR_StopTimer
 .text.TMR_Task
                0x0000000000010018      0x448 framework\TimersManager\Source\TimersManager.o
                0x0000000000010018                TMR_Task
 .text.TMR_EnableTimer
                0x0000000000010460       0x92 framework\TimersManager\Source\TimersManager.o
                0x0000000000010460                TMR_EnableTimer
 .text.xEventGroupCreate
                0x00000000000104f2       0x38 freertos\event_groups.o
                0x00000000000104f2                xEventGroupCreate
 .text.xEventGroupWaitBits
                0x000000000001052a      0x1aa freertos\event_groups.o
                0x000000000001052a                xEventGroupWaitBits
 .text.xEventGroupSetBits
                0x00000000000106d4      0x15a freertos\event_groups.o
                0x00000000000106d4                xEventGroupSetBits
 .text.vEventGroupSetBitsCallback
                0x000000000001082e       0x26 freertos\event_groups.o
                0x000000000001082e                vEventGroupSetBitsCallback
 .text.prvTestWaitCondition
                0x0000000000010854       0x54 freertos\event_groups.o
 .text.xEventGroupSetBitsFromISR
                0x00000000000108a8       0x3e freertos\event_groups.o
                0x00000000000108a8                xEventGroupSetBitsFromISR
 .text.pvPortMalloc
                0x00000000000108e6      0x17a freertos\heap_4.o
                0x00000000000108e6                pvPortMalloc
 .text.vPortFree
                0x0000000000010a60       0xb8 freertos\heap_4.o
                0x0000000000010a60                vPortFree
 .text.prvHeapInit
                0x0000000000010b18       0xd4 freertos\heap_4.o
 .text.prvInsertBlockIntoFreeList
                0x0000000000010bec       0xf8 freertos\heap_4.o
 .text.vListInitialise
                0x0000000000010ce4       0x4c freertos\list.o
                0x0000000000010ce4                vListInitialise
 .text.vListInitialiseItem
                0x0000000000010d30       0x1a freertos\list.o
                0x0000000000010d30                vListInitialiseItem
 .text.vListInsertEnd
                0x0000000000010d4a       0x66 freertos\list.o
                0x0000000000010d4a                vListInsertEnd
 .text.vListInsert
                0x0000000000010db0       0xa0 freertos\list.o
                0x0000000000010db0                vListInsert
 .text.uxListRemove
                0x0000000000010e50       0x70 freertos\list.o
                0x0000000000010e50                uxListRemove
 .text.CLOCK_SetIpSrc
                0x0000000000010ec0       0xb6 freertos\portable\port.o
 .text.portCPU_IRQ_DISABLE
                0x0000000000010f76       0x1a freertos\portable\port.o
 .text.portCPU_IRQ_ENABLE
                0x0000000000010f90       0x1a freertos\portable\port.o
 .text.portYIELD_FROM_ISR
                0x0000000000010faa       0x22 freertos\portable\port.o
                0x0000000000010faa                portYIELD_FROM_ISR
 .text.portYIELD
                0x0000000000010fcc       0x28 freertos\portable\port.o
                0x0000000000010fcc                portYIELD
 .text.prvTaskExitError
                0x0000000000010ff4       0x1e freertos\portable\port.o
 .text.pxPortInitialiseStack
                0x0000000000011012       0xc6 freertos\portable\port.o
                0x0000000000011012                pxPortInitialiseStack
 .text.xPortStartScheduler
                0x00000000000110d8       0x3c freertos\portable\port.o
                0x00000000000110d8                xPortStartScheduler
 .text.vPortEnterCritical
                0x0000000000011114       0x42 freertos\portable\port.o
                0x0000000000011114                vPortEnterCritical
 .text.vPortExitCritical
                0x0000000000011156       0x50 freertos\portable\port.o
                0x0000000000011156                vPortExitCritical
 .text.vPortSetInterruptMask
                0x00000000000111a6       0x40 freertos\portable\port.o
                0x00000000000111a6                vPortSetInterruptMask
 .text.vPortClearInterruptMask
                0x00000000000111e6       0x34 freertos\portable\port.o
                0x00000000000111e6                vPortClearInterruptMask
 .text.LPIT0_IRQHandler
                0x000000000001121a       0x32 freertos\portable\port.o
                0x000000000001121a                LPIT0_IRQHandler
 .text.xQueueGenericReset
                0x000000000001124c       0xde freertos\queue.o
                0x000000000001124c                xQueueGenericReset
 .text.xQueueGenericCreate
                0x000000000001132a       0x88 freertos\queue.o
                0x000000000001132a                xQueueGenericCreate
 .text.prvInitialiseNewQueue
                0x00000000000113b2       0x6e freertos\queue.o
 .text.prvInitialiseMutex
                0x0000000000011420       0x40 freertos\queue.o
 .text.xQueueCreateMutex
                0x0000000000011460       0x44 freertos\queue.o
                0x0000000000011460                xQueueCreateMutex
 .text.xQueueGetMutexHolder
                0x00000000000114a4       0x3a freertos\queue.o
                0x00000000000114a4                xQueueGetMutexHolder
 .text.xQueueCreateCountingSemaphore
                0x00000000000114de       0x5c freertos\queue.o
                0x00000000000114de                xQueueCreateCountingSemaphore
 .text.xQueueGenericSend
                0x000000000001153a      0x1b6 freertos\queue.o
                0x000000000001153a                xQueueGenericSend
 .text.xQueueGenericSendFromISR
                0x00000000000116f0      0x10c freertos\queue.o
                0x00000000000116f0                xQueueGenericSendFromISR
 .text.xQueueGiveFromISR
                0x00000000000117fc       0xf4 freertos\queue.o
                0x00000000000117fc                xQueueGiveFromISR
 .text.xQueueGenericReceive
                0x00000000000118f0      0x1fc freertos\queue.o
                0x00000000000118f0                xQueueGenericReceive
 .text.vQueueDelete
                0x0000000000011aec       0x38 freertos\queue.o
                0x0000000000011aec                vQueueDelete
 .text.prvCopyDataToQueue
                0x0000000000011b24      0x128 freertos\queue.o
 .text.prvCopyDataFromQueue
                0x0000000000011c4c       0x6a freertos\queue.o
 .text.prvUnlockQueue
                0x0000000000011cb6       0xc4 freertos\queue.o
 .text.prvIsQueueEmpty
                0x0000000000011d7a       0x36 freertos\queue.o
 .text.prvIsQueueFull
                0x0000000000011db0       0x3e freertos\queue.o
 .text.vQueueAddToRegistry
                0x0000000000011dee       0x72 freertos\queue.o
                0x0000000000011dee                vQueueAddToRegistry
 .text.vQueueUnregisterQueue
                0x0000000000011e60       0x70 freertos\queue.o
                0x0000000000011e60                vQueueUnregisterQueue
 .text.vQueueWaitForMessageRestricted
                0x0000000000011ed0       0x84 freertos\queue.o
                0x0000000000011ed0                vQueueWaitForMessageRestricted
 .text.xTaskCreate
                0x0000000000011f54       0xac freertos\tasks.o
                0x0000000000011f54                xTaskCreate
 .text.prvInitialiseNewTask
                0x0000000000012000      0x18a freertos\tasks.o
 .text.prvAddNewTaskToReadyList
                0x000000000001218a      0x10e freertos\tasks.o
 .text.vTaskDelay
                0x0000000000012298       0x4c freertos\tasks.o
                0x0000000000012298                vTaskDelay
 .text.vTaskSuspend
                0x00000000000122e4       0xd0 freertos\tasks.o
                0x00000000000122e4                vTaskSuspend
 .text.vTaskStartScheduler
                0x00000000000123b4       0x86 freertos\tasks.o
                0x00000000000123b4                vTaskStartScheduler
 .text.vTaskSuspendAll
                0x000000000001243a       0x22 freertos\tasks.o
                0x000000000001243a                vTaskSuspendAll
 .text.xTaskResumeAll
                0x000000000001245c      0x152 freertos\tasks.o
                0x000000000001245c                xTaskResumeAll
 .text.xTaskGetTickCount
                0x00000000000125ae       0x2a freertos\tasks.o
                0x00000000000125ae                xTaskGetTickCount
 .text.xTaskIncrementTick
                0x00000000000125d8      0x1a2 freertos\tasks.o
                0x00000000000125d8                xTaskIncrementTick
 .text.vTaskSwitchContext
                0x000000000001277a       0xd0 freertos\tasks.o
                0x000000000001277a                vTaskSwitchContext
 .text.vTaskPlaceOnEventList
                0x000000000001284a       0x44 freertos\tasks.o
                0x000000000001284a                vTaskPlaceOnEventList
 .text.vTaskPlaceOnUnorderedEventList
                0x000000000001288e       0x6c freertos\tasks.o
                0x000000000001288e                vTaskPlaceOnUnorderedEventList
 .text.vTaskPlaceOnEventListRestricted
                0x00000000000128fa       0x54 freertos\tasks.o
                0x00000000000128fa                vTaskPlaceOnEventListRestricted
 .text.xTaskRemoveFromEventList
                0x000000000001294e       0xda freertos\tasks.o
                0x000000000001294e                xTaskRemoveFromEventList
 .text.xTaskRemoveFromUnorderedEventList
                0x0000000000012a28       0xd8 freertos\tasks.o
                0x0000000000012a28                xTaskRemoveFromUnorderedEventList
 .text.vTaskSetTimeOutState
                0x0000000000012b00       0x3e freertos\tasks.o
                0x0000000000012b00                vTaskSetTimeOutState
 .text.xTaskCheckForTimeOut
                0x0000000000012b3e       0xc8 freertos\tasks.o
                0x0000000000012b3e                xTaskCheckForTimeOut
 .text.vTaskMissedYield
                0x0000000000012c06       0x18 freertos\tasks.o
                0x0000000000012c06                vTaskMissedYield
 .text.prvIdleTask
                0x0000000000012c1e       0x22 freertos\tasks.o
 .text.prvInitialiseTaskLists
                0x0000000000012c40       0xa4 freertos\tasks.o
 .text.prvCheckTasksWaitingTermination
                0x0000000000012ce4       0x92 freertos\tasks.o
 .text.prvDeleteTCB
                0x0000000000012d76       0x2a freertos\tasks.o
 .text.prvResetNextTaskUnblockTime
                0x0000000000012da0       0x4c freertos\tasks.o
 .text.xTaskGetCurrentTaskHandle
                0x0000000000012dec       0x1e freertos\tasks.o
                0x0000000000012dec                xTaskGetCurrentTaskHandle
 .text.xTaskGetSchedulerState
                0x0000000000012e0a       0x3a freertos\tasks.o
                0x0000000000012e0a                xTaskGetSchedulerState
 .text.vTaskPriorityInherit
                0x0000000000012e44       0xf4 freertos\tasks.o
                0x0000000000012e44                vTaskPriorityInherit
 .text.xTaskPriorityDisinherit
                0x0000000000012f38       0xec freertos\tasks.o
                0x0000000000012f38                xTaskPriorityDisinherit
 .text.uxTaskResetEventItemValue
                0x0000000000013024       0x3a freertos\tasks.o
                0x0000000000013024                uxTaskResetEventItemValue
 .text.pvTaskIncrementMutexHeldCount
                0x000000000001305e       0x2e freertos\tasks.o
                0x000000000001305e                pvTaskIncrementMutexHeldCount
 .text.prvAddCurrentTaskToDelayedList
                0x000000000001308c       0xd8 freertos\tasks.o
 .text.xTimerCreateTimerTask
                0x0000000000013164       0x5a freertos\timers.o
                0x0000000000013164                xTimerCreateTimerTask
 .text.xTimerGenericCommand
                0x00000000000131be       0xcc freertos\timers.o
                0x00000000000131be                xTimerGenericCommand
 .text.prvProcessExpiredTimer
                0x000000000001328a       0x8e freertos\timers.o
 .text.prvTimerTask
                0x0000000000013318       0x28 freertos\timers.o
 .text.prvProcessTimerOrBlockTask
                0x0000000000013340       0xa2 freertos\timers.o
 .text.prvGetNextExpireTime
                0x00000000000133e2       0x4e freertos\timers.o
 .text.prvSampleTimeNow
                0x0000000000013430       0x52 freertos\timers.o
 .text.prvInsertTimerInActiveList
                0x0000000000013482       0xb4 freertos\timers.o
 .text.prvProcessReceivedCommands
                0x0000000000013536      0x160 freertos\timers.o
 .text.prvSwitchTimerLists
                0x0000000000013696       0xf4 freertos\timers.o
 .text.prvCheckForValidListAndQueue
                0x000000000001378a       0x90 freertos\timers.o
 .text.xTimerPendFunctionCallFromISR
                0x000000000001381a       0x62 freertos\timers.o
                0x000000000001381a                xTimerPendFunctionCallFromISR
 .text.cau3_attach_ctx_to_key_slot
                0x000000000001387c       0x2e mbedtls\port\ksdk_mbedtls.o
 .text.cau3_detach_ctx_from_key_slot
                0x00000000000138aa       0x5c mbedtls\port\ksdk_mbedtls.o
 .text.cau3_aes_is_expanded
                0x0000000000013906       0x56 mbedtls\port\ksdk_mbedtls.o
 .text.mbedtls_zeroize
                0x000000000001395c       0x3e mbedtls\port\ksdk_mbedtls.o
 .text.mbedtls_aes_setkey_enc
                0x000000000001399a       0x98 mbedtls\port\ksdk_mbedtls.o
                0x000000000001399a                mbedtls_aes_setkey_enc
 .text.mbedtls_aes_setkey_dec
                0x0000000000013a32       0x98 mbedtls\port\ksdk_mbedtls.o
                0x0000000000013a32                mbedtls_aes_setkey_dec
 .text.mbedtls_aes_encrypt
                0x0000000000013aca       0x86 mbedtls\port\ksdk_mbedtls.o
                0x0000000000013aca                mbedtls_aes_encrypt
 .text.mbedtls_aes_decrypt
                0x0000000000013b50       0x86 mbedtls\port\ksdk_mbedtls.o
                0x0000000000013b50                mbedtls_aes_decrypt
 .text.mbedtls_cipher_cmac
                0x0000000000013bd6      0x170 mbedtls\port\ksdk_mbedtls.o
                0x0000000000013bd6                mbedtls_cipher_cmac
 .text.ltc_reverse_array
                0x0000000000013d46       0x8a mbedtls\port\ksdk_mbedtls.o
 .text.mbedtls_mpi_add_abs
                0x0000000000013dd0      0x14a mbedtls\port\ksdk_mbedtls.o
                0x0000000000013dd0                mbedtls_mpi_add_abs
 .text.mbedtls_mpi_sub_abs
                0x0000000000013f1a      0x148 mbedtls\port\ksdk_mbedtls.o
                0x0000000000013f1a                mbedtls_mpi_sub_abs
 .text.mbedtls_mpi_mul_mpi
                0x0000000000014062      0x168 mbedtls\port\ksdk_mbedtls.o
                0x0000000000014062                mbedtls_mpi_mul_mpi
 .text.mbedtls_mpi_mod_mpi
                0x00000000000141ca      0x172 mbedtls\port\ksdk_mbedtls.o
                0x00000000000141ca                mbedtls_mpi_mod_mpi
 .text.get_and_extend_mbedtls_mpi
                0x000000000001433c       0xb8 mbedtls\port\ksdk_mbedtls.o
 .text.ltc_get_from_mbedtls_mpi
                0x00000000000143f4       0x32 mbedtls\port\ksdk_mbedtls.o
 .text.ecp_mul_comb
                0x0000000000014426      0x2d8 mbedtls\port\ksdk_mbedtls.o
                0x0000000000014426                ecp_mul_comb
 .text.mbedtls_sha256_init
                0x00000000000146fe       0x24 mbedtls\port\ksdk_mbedtls.o
                0x00000000000146fe                mbedtls_sha256_init
 .text.mbedtls_sha256_free
                0x0000000000014722       0x2a mbedtls\port\ksdk_mbedtls.o
                0x0000000000014722                mbedtls_sha256_free
 .text.mbedtls_sha256_clone
                0x000000000001474c       0x2a mbedtls\port\ksdk_mbedtls.o
                0x000000000001474c                mbedtls_sha256_clone
 .text.mbedtls_sha256_starts
                0x0000000000014776       0x2e mbedtls\port\ksdk_mbedtls.o
                0x0000000000014776                mbedtls_sha256_starts
 .text.mbedtls_sha256_process
                0x00000000000147a4       0x2e mbedtls\port\ksdk_mbedtls.o
                0x00000000000147a4                mbedtls_sha256_process
 .text.mbedtls_sha256_update
                0x00000000000147d2       0x32 mbedtls\port\ksdk_mbedtls.o
                0x00000000000147d2                mbedtls_sha256_update
 .text.mbedtls_sha256_finish
                0x0000000000014804       0x2c mbedtls\port\ksdk_mbedtls.o
                0x0000000000014804                mbedtls_sha256_finish
 .text.mbedtls_hardware_poll
                0x0000000000014830       0x52 mbedtls\port\ksdk_mbedtls.o
                0x0000000000014830                mbedtls_hardware_poll
 .text.mbedtls_zeroize
                0x0000000000014882       0x3e mbedtls\source\aes.o
 .text.mbedtls_aes_init
                0x00000000000148c0       0x24 mbedtls\source\aes.o
                0x00000000000148c0                mbedtls_aes_init
 .text.mbedtls_aes_free
                0x00000000000148e4       0x2a mbedtls\source\aes.o
                0x00000000000148e4                mbedtls_aes_free
 .text.mbedtls_aes_crypt_ecb
                0x000000000001490e       0x4e mbedtls\source\aes.o
                0x000000000001490e                mbedtls_aes_crypt_ecb
 .text.mbedtls_aes_crypt_cbc
                0x000000000001495c      0x17a mbedtls\source\aes.o
                0x000000000001495c                mbedtls_aes_crypt_cbc
 .text.mbedtls_aes_crypt_ctr
                0x0000000000014ad6      0x100 mbedtls\source\aes.o
                0x0000000000014ad6                mbedtls_aes_crypt_ctr
 .text.mbedtls_mpi_zeroize
                0x0000000000014bd6       0x3e mbedtls\source\bignum.o
 .text.mbedtls_mpi_init
                0x0000000000014c14       0x32 mbedtls\source\bignum.o
                0x0000000000014c14                mbedtls_mpi_init
 .text.mbedtls_mpi_free
                0x0000000000014c46       0x64 mbedtls\source\bignum.o
                0x0000000000014c46                mbedtls_mpi_free
 .text.mbedtls_mpi_grow
                0x0000000000014caa       0xb6 mbedtls\source\bignum.o
                0x0000000000014caa                mbedtls_mpi_grow
 .text.mbedtls_mpi_copy
                0x0000000000014d60       0xda mbedtls\source\bignum.o
                0x0000000000014d60                mbedtls_mpi_copy
 .text.mbedtls_mpi_lset
                0x0000000000014e3a       0x72 mbedtls\source\bignum.o
                0x0000000000014e3a                mbedtls_mpi_lset
 .text.mbedtls_mpi_get_bit
                0x0000000000014eac       0x4c mbedtls\source\bignum.o
                0x0000000000014eac                mbedtls_mpi_get_bit
 .text.mbedtls_clz
                0x0000000000014ef8       0x52 mbedtls\source\bignum.o
 .text.mbedtls_mpi_bitlen
                0x0000000000014f4a       0x86 mbedtls\source\bignum.o
                0x0000000000014f4a                mbedtls_mpi_bitlen
 .text.mbedtls_mpi_size
                0x0000000000014fd0       0x24 mbedtls\source\bignum.o
                0x0000000000014fd0                mbedtls_mpi_size
 .text.mbedtls_mpi_read_binary
                0x0000000000014ff4      0x11c mbedtls\source\bignum.o
                0x0000000000014ff4                mbedtls_mpi_read_binary
 .text.mbedtls_mpi_write_binary
                0x0000000000015110       0xae mbedtls\source\bignum.o
                0x0000000000015110                mbedtls_mpi_write_binary
 .text.mbedtls_mpi_shift_r
                0x00000000000151be      0x1a8 mbedtls\source\bignum.o
                0x00000000000151be                mbedtls_mpi_shift_r
 .text.mbedtls_mpi_cmp_abs
                0x0000000000015366      0x13c mbedtls\source\bignum.o
                0x0000000000015366                mbedtls_mpi_cmp_abs
 .text.mbedtls_mpi_cmp_mpi
                0x00000000000154a2      0x184 mbedtls\source\bignum.o
                0x00000000000154a2                mbedtls_mpi_cmp_mpi
 .text.mbedtls_mpi_cmp_int
                0x0000000000015626       0x56 mbedtls\source\bignum.o
                0x0000000000015626                mbedtls_mpi_cmp_int
 .text.mbedtls_mpi_add_mpi
                0x000000000001567c       0xd2 mbedtls\source\bignum.o
                0x000000000001567c                mbedtls_mpi_add_mpi
 .text.mbedtls_mpi_sub_mpi
                0x000000000001574e       0xd2 mbedtls\source\bignum.o
                0x000000000001574e                mbedtls_mpi_sub_mpi
 .text.mbedtls_mpi_sub_int
                0x0000000000015820       0x5e mbedtls\source\bignum.o
                0x0000000000015820                mbedtls_mpi_sub_int
 .text.mbedtls_zeroize
                0x000000000001587e       0x3e mbedtls\source\ccm.o
 .text.mbedtls_ccm_init
                0x00000000000158bc       0x24 mbedtls\source\ccm.o
                0x00000000000158bc                mbedtls_ccm_init
 .text.mbedtls_ccm_setkey
                0x00000000000158e0       0x9c mbedtls\source\ccm.o
                0x00000000000158e0                mbedtls_ccm_setkey
 .text.mbedtls_ccm_free
                0x000000000001597c       0x2a mbedtls\source\ccm.o
                0x000000000001597c                mbedtls_ccm_free
 .text.mbedtls_cipher_get_block_size
                0x00000000000159a6       0x2c mbedtls\source\cipher.o
 .text.mbedtls_zeroize
                0x00000000000159d2       0x3e mbedtls\source\cipher.o
 .text.mbedtls_cipher_info_from_type
                0x0000000000015a10       0x4e mbedtls\source\cipher.o
                0x0000000000015a10                mbedtls_cipher_info_from_type
 .text.mbedtls_cipher_info_from_values
                0x0000000000015a5e       0x80 mbedtls\source\cipher.o
                0x0000000000015a5e                mbedtls_cipher_info_from_values
 .text.mbedtls_cipher_init
                0x0000000000015ade       0x24 mbedtls\source\cipher.o
                0x0000000000015ade                mbedtls_cipher_init
 .text.mbedtls_cipher_free
                0x0000000000015b02       0x70 mbedtls\source\cipher.o
                0x0000000000015b02                mbedtls_cipher_free
 .text.mbedtls_cipher_setup
                0x0000000000015b72       0x72 mbedtls\source\cipher.o
                0x0000000000015b72                mbedtls_cipher_setup
 .text.mbedtls_cipher_setkey
                0x0000000000015be4       0xee mbedtls\source\cipher.o
                0x0000000000015be4                mbedtls_cipher_setkey
 .text.mbedtls_cipher_update
                0x0000000000015cd2      0x38e mbedtls\source\cipher.o
                0x0000000000015cd2                mbedtls_cipher_update
 .text.get_no_padding
                0x0000000000016060       0x3a mbedtls\source\cipher.o
 .text.mbedtls_cipher_set_padding_mode
                0x000000000001609a       0x5e mbedtls\source\cipher.o
                0x000000000001609a                mbedtls_cipher_set_padding_mode
 .text.ccm_ctx_alloc
                0x00000000000160f8       0x38 mbedtls\source\cipher_wrap.o
 .text.ccm_ctx_free
                0x0000000000016130       0x2c mbedtls\source\cipher_wrap.o
 .text.aes_crypt_ecb_wrap
                0x000000000001615c       0x3c mbedtls\source\cipher_wrap.o
 .text.aes_crypt_cbc_wrap
                0x0000000000016198       0x4a mbedtls\source\cipher_wrap.o
 .text.aes_crypt_ctr_wrap
                0x00000000000161e2       0x50 mbedtls\source\cipher_wrap.o
 .text.aes_setkey_dec_wrap
                0x0000000000016232       0x30 mbedtls\source\cipher_wrap.o
 .text.aes_setkey_enc_wrap
                0x0000000000016262       0x30 mbedtls\source\cipher_wrap.o
 .text.aes_ctx_alloc
                0x0000000000016292       0x3c mbedtls\source\cipher_wrap.o
 .text.aes_ctx_free
                0x00000000000162ce       0x2c mbedtls\source\cipher_wrap.o
 .text.ccm_aes_setkey_wrap
                0x00000000000162fa       0x32 mbedtls\source\cipher_wrap.o
 .text.mbedtls_zeroize
                0x000000000001632c       0x3e mbedtls\source\cmac.o
 .text.cmac_multiply_by_u
                0x000000000001636a      0x108 mbedtls\source\cmac.o
 .text.cmac_generate_subkeys
                0x0000000000016472       0xa2 mbedtls\source\cmac.o
 .text.cmac_xor_block
                0x0000000000016514       0x6a mbedtls\source\cmac.o
 .text.cmac_pad
                0x000000000001657e       0x92 mbedtls\source\cmac.o
 .text.mbedtls_cipher_cmac_starts
                0x0000000000016610       0xc8 mbedtls\source\cmac.o
                0x0000000000016610                mbedtls_cipher_cmac_starts
 .text.mbedtls_cipher_cmac_update
                0x00000000000166d8      0x1f6 mbedtls\source\cmac.o
                0x00000000000166d8                mbedtls_cipher_cmac_update
 .text.mbedtls_cipher_cmac_finish